// Jest Snapshot v1, https://goo.gl/fbAQLP

exports[`must insert atomic after a block with collapsed selection 1`] = `
[
  {
    "characterList": [
      {
        "entity": null,
        "style": [],
      },
      {
        "entity": null,
        "style": [],
      },
      {
        "entity": null,
        "style": [],
      },
      {
        "entity": null,
        "style": [],
      },
      {
        "entity": null,
        "style": [],
      },
    ],
    "data": {},
    "depth": 0,
    "key": "a",
    "text": "Alpha",
    "type": "unstyled",
  },
  {
    "characterList": [
      {
        "entity": "1",
        "style": [],
      },
    ],
    "data": {},
    "depth": 0,
    "key": "key0",
    "text": " ",
    "type": "atomic",
  },
  {
    "characterList": [],
    "data": {},
    "depth": 0,
    "key": "key4",
    "text": "",
    "type": "unstyled",
  },
  {
    "characterList": [
      {
        "entity": "2",
        "style": [
          "BOLD",
        ],
      },
      {
        "entity": "2",
        "style": [
          "BOLD",
        ],
      },
      {
        "entity": "2",
        "style": [
          "BOLD",
        ],
      },
      {
        "entity": "2",
        "style": [
          "BOLD",
        ],
      },
      {
        "entity": "2",
        "style": [
          "BOLD",
        ],
      },
    ],
    "data": {},
    "depth": 0,
    "key": "b",
    "text": "Bravo",
    "type": "unordered-list-item",
  },
  {
    "characterList": [
      {
        "entity": null,
        "style": [],
      },
      {
        "entity": null,
        "style": [],
      },
      {
        "entity": null,
        "style": [],
      },
      {
        "entity": null,
        "style": [],
      },
    ],
    "data": {},
    "depth": 0,
    "key": "c",
    "text": "Test",
    "type": "code-block",
  },
  {
    "characterList": [],
    "data": {},
    "depth": 0,
    "key": "d",
    "text": "",
    "type": "code-block",
  },
  {
    "characterList": [],
    "data": {},
    "depth": 0,
    "key": "e",
    "text": "",
    "type": "code-block",
  },
  {
    "characterList": [
      {
        "entity": null,
        "style": [
          "ITALIC",
        ],
      },
      {
        "entity": null,
        "style": [
          "ITALIC",
        ],
      },
      {
        "entity": null,
        "style": [
          "ITALIC",
        ],
      },
      {
        "entity": null,
        "style": [
          "ITALIC",
        ],
      },
      {
        "entity": null,
        "style": [
          "ITALIC",
        ],
      },
      {
        "entity": null,
        "style": [
          "ITALIC",
        ],
      },
      {
        "entity": null,
        "style": [
          "ITALIC",
        ],
      },
    ],
    "data": {},
    "depth": 0,
    "key": "f",
    "text": "Charlie",
    "type": "blockquote",
  },
]
`;

exports[`must insert atomic at end of block 1`] = `
[
  {
    "characterList": [
      {
        "entity": null,
        "style": [],
      },
      {
        "entity": null,
        "style": [],
      },
      {
        "entity": null,
        "style": [],
      },
    ],
    "data": {},
    "depth": 0,
    "key": "a",
    "text": "Alp",
    "type": "unstyled",
  },
  {
    "characterList": [
      {
        "entity": "1",
        "style": [],
      },
    ],
    "data": {},
    "depth": 0,
    "key": "key0",
    "text": " ",
    "type": "atomic",
  },
  {
    "characterList": [],
    "data": {},
    "depth": 0,
    "key": "key4",
    "text": "",
    "type": "unstyled",
  },
  {
    "characterList": [
      {
        "entity": "2",
        "style": [
          "BOLD",
        ],
      },
      {
        "entity": "2",
        "style": [
          "BOLD",
        ],
      },
      {
        "entity": "2",
        "style": [
          "BOLD",
        ],
      },
      {
        "entity": "2",
        "style": [
          "BOLD",
        ],
      },
      {
        "entity": "2",
        "style": [
          "BOLD",
        ],
      },
    ],
    "data": {},
    "depth": 0,
    "key": "b",
    "text": "Bravo",
    "type": "unordered-list-item",
  },
  {
    "characterList": [
      {
        "entity": null,
        "style": [],
      },
      {
        "entity": null,
        "style": [],
      },
      {
        "entity": null,
        "style": [],
      },
      {
        "entity": null,
        "style": [],
      },
    ],
    "data": {},
    "depth": 0,
    "key": "c",
    "text": "Test",
    "type": "code-block",
  },
  {
    "characterList": [],
    "data": {},
    "depth": 0,
    "key": "d",
    "text": "",
    "type": "code-block",
  },
  {
    "characterList": [],
    "data": {},
    "depth": 0,
    "key": "e",
    "text": "",
    "type": "code-block",
  },
  {
    "characterList": [
      {
        "entity": null,
        "style": [
          "ITALIC",
        ],
      },
      {
        "entity": null,
        "style": [
          "ITALIC",
        ],
      },
      {
        "entity": null,
        "style": [
          "ITALIC",
        ],
      },
      {
        "entity": null,
        "style": [
          "ITALIC",
        ],
      },
      {
        "entity": null,
        "style": [
          "ITALIC",
        ],
      },
      {
        "entity": null,
        "style": [
          "ITALIC",
        ],
      },
      {
        "entity": null,
        "style": [
          "ITALIC",
        ],
      },
    ],
    "data": {},
    "depth": 0,
    "key": "f",
    "text": "Charlie",
    "type": "blockquote",
  },
]
`;

exports[`must insert atomic at start of block 1`] = `
[
  {
    "characterList": [],
    "data": {},
    "depth": 0,
    "key": "a",
    "text": "",
    "type": "unstyled",
  },
  {
    "characterList": [
      {
        "entity": "1",
        "style": [],
      },
    ],
    "data": {},
    "depth": 0,
    "key": "key0",
    "text": " ",
    "type": "atomic",
  },
  {
    "characterList": [
      {
        "entity": null,
        "style": [],
      },
      {
        "entity": null,
        "style": [],
      },
      {
        "entity": null,
        "style": [],
      },
    ],
    "data": {},
    "depth": 0,
    "key": "key4",
    "text": "pha",
    "type": "unstyled",
  },
  {
    "characterList": [
      {
        "entity": "2",
        "style": [
          "BOLD",
        ],
      },
      {
        "entity": "2",
        "style": [
          "BOLD",
        ],
      },
      {
        "entity": "2",
        "style": [
          "BOLD",
        ],
      },
      {
        "entity": "2",
        "style": [
          "BOLD",
        ],
      },
      {
        "entity": "2",
        "style": [
          "BOLD",
        ],
      },
    ],
    "data": {},
    "depth": 0,
    "key": "b",
    "text": "Bravo",
    "type": "unordered-list-item",
  },
  {
    "characterList": [
      {
        "entity": null,
        "style": [],
      },
      {
        "entity": null,
        "style": [],
      },
      {
        "entity": null,
        "style": [],
      },
      {
        "entity": null,
        "style": [],
      },
    ],
    "data": {},
    "depth": 0,
    "key": "c",
    "text": "Test",
    "type": "code-block",
  },
  {
    "characterList": [],
    "data": {},
    "depth": 0,
    "key": "d",
    "text": "",
    "type": "code-block",
  },
  {
    "characterList": [],
    "data": {},
    "depth": 0,
    "key": "e",
    "text": "",
    "type": "code-block",
  },
  {
    "characterList": [
      {
        "entity": null,
        "style": [
          "ITALIC",
        ],
      },
      {
        "entity": null,
        "style": [
          "ITALIC",
        ],
      },
      {
        "entity": null,
        "style": [
          "ITALIC",
        ],
      },
      {
        "entity": null,
        "style": [
          "ITALIC",
        ],
      },
      {
        "entity": null,
        "style": [
          "ITALIC",
        ],
      },
      {
        "entity": null,
        "style": [
          "ITALIC",
        ],
      },
      {
        "entity": null,
        "style": [
          "ITALIC",
        ],
      },
    ],
    "data": {},
    "depth": 0,
    "key": "f",
    "text": "Charlie",
    "type": "blockquote",
  },
]
`;

exports[`must insert atomic at start of block with collapsed seletion 1`] = `
[
  {
    "characterList": [],
    "data": {},
    "depth": 0,
    "key": "a",
    "text": "",
    "type": "unstyled",
  },
  {
    "characterList": [
      {
        "entity": "1",
        "style": [],
      },
    ],
    "data": {},
    "depth": 0,
    "key": "key0",
    "text": " ",
    "type": "atomic",
  },
  {
    "characterList": [
      {
        "entity": null,
        "style": [],
      },
      {
        "entity": null,
        "style": [],
      },
      {
        "entity": null,
        "style": [],
      },
      {
        "entity": null,
        "style": [],
      },
      {
        "entity": null,
        "style": [],
      },
    ],
    "data": {},
    "depth": 0,
    "key": "key4",
    "text": "Alpha",
    "type": "unstyled",
  },
  {
    "characterList": [
      {
        "entity": "2",
        "style": [
          "BOLD",
        ],
      },
      {
        "entity": "2",
        "style": [
          "BOLD",
        ],
      },
      {
        "entity": "2",
        "style": [
          "BOLD",
        ],
      },
      {
        "entity": "2",
        "style": [
          "BOLD",
        ],
      },
      {
        "entity": "2",
        "style": [
          "BOLD",
        ],
      },
    ],
    "data": {},
    "depth": 0,
    "key": "b",
    "text": "Bravo",
    "type": "unordered-list-item",
  },
  {
    "characterList": [
      {
        "entity": null,
        "style": [],
      },
      {
        "entity": null,
        "style": [],
      },
      {
        "entity": null,
        "style": [],
      },
      {
        "entity": null,
        "style": [],
      },
    ],
    "data": {},
    "depth": 0,
    "key": "c",
    "text": "Test",
    "type": "code-block",
  },
  {
    "characterList": [],
    "data": {},
    "depth": 0,
    "key": "d",
    "text": "",
    "type": "code-block",
  },
  {
    "characterList": [],
    "data": {},
    "depth": 0,
    "key": "e",
    "text": "",
    "type": "code-block",
  },
  {
    "characterList": [
      {
        "entity": null,
        "style": [
          "ITALIC",
        ],
      },
      {
        "entity": null,
        "style": [
          "ITALIC",
        ],
      },
      {
        "entity": null,
        "style": [
          "ITALIC",
        ],
      },
      {
        "entity": null,
        "style": [
          "ITALIC",
        ],
      },
      {
        "entity": null,
        "style": [
          "ITALIC",
        ],
      },
      {
        "entity": null,
        "style": [
          "ITALIC",
        ],
      },
      {
        "entity": null,
        "style": [
          "ITALIC",
        ],
      },
    ],
    "data": {},
    "depth": 0,
    "key": "f",
    "text": "Charlie",
    "type": "blockquote",
  },
]
`;

exports[`must insert atomic for cross-block selection 1`] = `
[
  {
    "characterList": [
      {
        "entity": null,
        "style": [],
      },
      {
        "entity": null,
        "style": [],
      },
    ],
    "data": {},
    "depth": 0,
    "key": "a",
    "text": "Al",
    "type": "unstyled",
  },
  {
    "characterList": [
      {
        "entity": "1",
        "style": [],
      },
    ],
    "data": {},
    "depth": 0,
    "key": "key0",
    "text": " ",
    "type": "atomic",
  },
  {
    "characterList": [
      {
        "entity": null,
        "style": [],
      },
      {
        "entity": null,
        "style": [],
      },
    ],
    "data": {},
    "depth": 0,
    "key": "key4",
    "text": "st",
    "type": "unstyled",
  },
  {
    "characterList": [],
    "data": {},
    "depth": 0,
    "key": "d",
    "text": "",
    "type": "code-block",
  },
  {
    "characterList": [],
    "data": {},
    "depth": 0,
    "key": "e",
    "text": "",
    "type": "code-block",
  },
  {
    "characterList": [
      {
        "entity": null,
        "style": [
          "ITALIC",
        ],
      },
      {
        "entity": null,
        "style": [
          "ITALIC",
        ],
      },
      {
        "entity": null,
        "style": [
          "ITALIC",
        ],
      },
      {
        "entity": null,
        "style": [
          "ITALIC",
        ],
      },
      {
        "entity": null,
        "style": [
          "ITALIC",
        ],
      },
      {
        "entity": null,
        "style": [
          "ITALIC",
        ],
      },
      {
        "entity": null,
        "style": [
          "ITALIC",
        ],
      },
    ],
    "data": {},
    "depth": 0,
    "key": "f",
    "text": "Charlie",
    "type": "blockquote",
  },
]
`;

exports[`must insert atomic within a block 1`] = `
[
  {
    "characterList": [
      {
        "entity": null,
        "style": [],
      },
    ],
    "data": {},
    "depth": 0,
    "key": "a",
    "text": "A",
    "type": "unstyled",
  },
  {
    "characterList": [
      {
        "entity": "1",
        "style": [],
      },
    ],
    "data": {},
    "depth": 0,
    "key": "key0",
    "text": " ",
    "type": "atomic",
  },
  {
    "characterList": [
      {
        "entity": null,
        "style": [],
      },
      {
        "entity": null,
        "style": [],
      },
      {
        "entity": null,
        "style": [],
      },
    ],
    "data": {},
    "depth": 0,
    "key": "key4",
    "text": "pha",
    "type": "unstyled",
  },
  {
    "characterList": [
      {
        "entity": "2",
        "style": [
          "BOLD",
        ],
      },
      {
        "entity": "2",
        "style": [
          "BOLD",
        ],
      },
      {
        "entity": "2",
        "style": [
          "BOLD",
        ],
      },
      {
        "entity": "2",
        "style": [
          "BOLD",
        ],
      },
      {
        "entity": "2",
        "style": [
          "BOLD",
        ],
      },
    ],
    "data": {},
    "depth": 0,
    "key": "b",
    "text": "Bravo",
    "type": "unordered-list-item",
  },
  {
    "characterList": [
      {
        "entity": null,
        "style": [],
      },
      {
        "entity": null,
        "style": [],
      },
      {
        "entity": null,
        "style": [],
      },
      {
        "entity": null,
        "style": [],
      },
    ],
    "data": {},
    "depth": 0,
    "key": "c",
    "text": "Test",
    "type": "code-block",
  },
  {
    "characterList": [],
    "data": {},
    "depth": 0,
    "key": "d",
    "text": "",
    "type": "code-block",
  },
  {
    "characterList": [],
    "data": {},
    "depth": 0,
    "key": "e",
    "text": "",
    "type": "code-block",
  },
  {
    "characterList": [
      {
        "entity": null,
        "style": [
          "ITALIC",
        ],
      },
      {
        "entity": null,
        "style": [
          "ITALIC",
        ],
      },
      {
        "entity": null,
        "style": [
          "ITALIC",
        ],
      },
      {
        "entity": null,
        "style": [
          "ITALIC",
        ],
      },
      {
        "entity": null,
        "style": [
          "ITALIC",
        ],
      },
      {
        "entity": null,
        "style": [
          "ITALIC",
        ],
      },
      {
        "entity": null,
        "style": [
          "ITALIC",
        ],
      },
    ],
    "data": {},
    "depth": 0,
    "key": "f",
    "text": "Charlie",
    "type": "blockquote",
  },
]
`;

exports[`must insert atomic within a block, via split with collapsed selection 1`] = `
[
  {
    "characterList": [
      {
        "entity": null,
        "style": [],
      },
      {
        "entity": null,
        "style": [],
      },
    ],
    "data": {},
    "depth": 0,
    "key": "a",
    "text": "Al",
    "type": "unstyled",
  },
  {
    "characterList": [
      {
        "entity": "1",
        "style": [],
      },
    ],
    "data": {},
    "depth": 0,
    "key": "key0",
    "text": " ",
    "type": "atomic",
  },
  {
    "characterList": [
      {
        "entity": null,
        "style": [],
      },
      {
        "entity": null,
        "style": [],
      },
      {
        "entity": null,
        "style": [],
      },
    ],
    "data": {},
    "depth": 0,
    "key": "key4",
    "text": "pha",
    "type": "unstyled",
  },
  {
    "characterList": [
      {
        "entity": "2",
        "style": [
          "BOLD",
        ],
      },
      {
        "entity": "2",
        "style": [
          "BOLD",
        ],
      },
      {
        "entity": "2",
        "style": [
          "BOLD",
        ],
      },
      {
        "entity": "2",
        "style": [
          "BOLD",
        ],
      },
      {
        "entity": "2",
        "style": [
          "BOLD",
        ],
      },
    ],
    "data": {},
    "depth": 0,
    "key": "b",
    "text": "Bravo",
    "type": "unordered-list-item",
  },
  {
    "characterList": [
      {
        "entity": null,
        "style": [],
      },
      {
        "entity": null,
        "style": [],
      },
      {
        "entity": null,
        "style": [],
      },
      {
        "entity": null,
        "style": [],
      },
    ],
    "data": {},
    "depth": 0,
    "key": "c",
    "text": "Test",
    "type": "code-block",
  },
  {
    "characterList": [],
    "data": {},
    "depth": 0,
    "key": "d",
    "text": "",
    "type": "code-block",
  },
  {
    "characterList": [],
    "data": {},
    "depth": 0,
    "key": "e",
    "text": "",
    "type": "code-block",
  },
  {
    "characterList": [
      {
        "entity": null,
        "style": [
          "ITALIC",
        ],
      },
      {
        "entity": null,
        "style": [
          "ITALIC",
        ],
      },
      {
        "entity": null,
        "style": [
          "ITALIC",
        ],
      },
      {
        "entity": null,
        "style": [
          "ITALIC",
        ],
      },
      {
        "entity": null,
        "style": [
          "ITALIC",
        ],
      },
      {
        "entity": null,
        "style": [
          "ITALIC",
        ],
      },
      {
        "entity": null,
        "style": [
          "ITALIC",
        ],
      },
    ],
    "data": {},
    "depth": 0,
    "key": "f",
    "text": "Charlie",
    "type": "blockquote",
  },
]
`;

exports[`must move atomic after block 1`] = `
[
  {
    "characterList": [],
    "data": {},
    "depth": 0,
    "key": "a",
    "text": "",
    "type": "unstyled",
  },
  {
    "characterList": [
      {
        "entity": "1",
        "style": [],
      },
    ],
    "data": {},
    "depth": 0,
    "key": "key0",
    "text": " ",
    "type": "atomic",
  },
  {
    "characterList": [
      {
        "entity": null,
        "style": [],
      },
      {
        "entity": null,
        "style": [],
      },
      {
        "entity": null,
        "style": [],
      },
      {
        "entity": null,
        "style": [],
      },
      {
        "entity": null,
        "style": [],
      },
    ],
    "data": {},
    "depth": 0,
    "key": "key4",
    "text": "Alpha",
    "type": "unstyled",
  },
  {
    "characterList": [
      {
        "entity": "2",
        "style": [
          "BOLD",
        ],
      },
      {
        "entity": "2",
        "style": [
          "BOLD",
        ],
      },
      {
        "entity": "2",
        "style": [
          "BOLD",
        ],
      },
      {
        "entity": "2",
        "style": [
          "BOLD",
        ],
      },
      {
        "entity": "2",
        "style": [
          "BOLD",
        ],
      },
    ],
    "data": {},
    "depth": 0,
    "key": "b",
    "text": "Bravo",
    "type": "unordered-list-item",
  },
  {
    "characterList": [
      {
        "entity": null,
        "style": [],
      },
      {
        "entity": null,
        "style": [],
      },
      {
        "entity": null,
        "style": [],
      },
      {
        "entity": null,
        "style": [],
      },
    ],
    "data": {},
    "depth": 0,
    "key": "c",
    "text": "Test",
    "type": "code-block",
  },
  {
    "characterList": [],
    "data": {},
    "depth": 0,
    "key": "d",
    "text": "",
    "type": "code-block",
  },
  {
    "characterList": [],
    "data": {},
    "depth": 0,
    "key": "e",
    "text": "",
    "type": "code-block",
  },
  {
    "characterList": [
      {
        "entity": null,
        "style": [
          "ITALIC",
        ],
      },
      {
        "entity": null,
        "style": [
          "ITALIC",
        ],
      },
      {
        "entity": null,
        "style": [
          "ITALIC",
        ],
      },
      {
        "entity": null,
        "style": [
          "ITALIC",
        ],
      },
      {
        "entity": null,
        "style": [
          "ITALIC",
        ],
      },
      {
        "entity": null,
        "style": [
          "ITALIC",
        ],
      },
      {
        "entity": null,
        "style": [
          "ITALIC",
        ],
      },
    ],
    "data": {},
    "depth": 0,
    "key": "f",
    "text": "Charlie",
    "type": "blockquote",
  },
]
`;

exports[`must move atomic after block 2`] = `
[
  {
    "characterList": [],
    "data": {},
    "depth": 0,
    "key": "a",
    "text": "",
    "type": "unstyled",
  },
  {
    "characterList": [
      {
        "entity": null,
        "style": [],
      },
      {
        "entity": null,
        "style": [],
      },
      {
        "entity": null,
        "style": [],
      },
      {
        "entity": null,
        "style": [],
      },
      {
        "entity": null,
        "style": [],
      },
    ],
    "data": {},
    "depth": 0,
    "key": "key4",
    "text": "Alpha",
    "type": "unstyled",
  },
  {
    "characterList": [
      {
        "entity": "2",
        "style": [
          "BOLD",
        ],
      },
      {
        "entity": "2",
        "style": [
          "BOLD",
        ],
      },
      {
        "entity": "2",
        "style": [
          "BOLD",
        ],
      },
      {
        "entity": "2",
        "style": [
          "BOLD",
        ],
      },
      {
        "entity": "2",
        "style": [
          "BOLD",
        ],
      },
    ],
    "data": {},
    "depth": 0,
    "key": "b",
    "text": "Bravo",
    "type": "unordered-list-item",
  },
  {
    "characterList": [
      {
        "entity": null,
        "style": [],
      },
      {
        "entity": null,
        "style": [],
      },
      {
        "entity": null,
        "style": [],
      },
      {
        "entity": null,
        "style": [],
      },
    ],
    "data": {},
    "depth": 0,
    "key": "c",
    "text": "Test",
    "type": "code-block",
  },
  {
    "characterList": [],
    "data": {},
    "depth": 0,
    "key": "d",
    "text": "",
    "type": "code-block",
  },
  {
    "characterList": [],
    "data": {},
    "depth": 0,
    "key": "e",
    "text": "",
    "type": "code-block",
  },
  {
    "characterList": [
      {
        "entity": null,
        "style": [
          "ITALIC",
        ],
      },
      {
        "entity": null,
        "style": [
          "ITALIC",
        ],
      },
      {
        "entity": null,
        "style": [
          "ITALIC",
        ],
      },
      {
        "entity": null,
        "style": [
          "ITALIC",
        ],
      },
      {
        "entity": null,
        "style": [
          "ITALIC",
        ],
      },
      {
        "entity": null,
        "style": [
          "ITALIC",
        ],
      },
      {
        "entity": null,
        "style": [
          "ITALIC",
        ],
      },
    ],
    "data": {},
    "depth": 0,
    "key": "f",
    "text": "Charlie",
    "type": "blockquote",
  },
  {
    "characterList": [
      {
        "entity": "1",
        "style": [],
      },
    ],
    "data": {},
    "depth": 0,
    "key": "key0",
    "text": " ",
    "type": "atomic",
  },
]
`;

exports[`must move atomic after block with collapsed selection 1`] = `
[
  {
    "characterList": [],
    "data": {},
    "depth": 0,
    "key": "a",
    "text": "",
    "type": "unstyled",
  },
  {
    "characterList": [
      {
        "entity": "1",
        "style": [],
      },
    ],
    "data": {},
    "depth": 0,
    "key": "key0",
    "text": " ",
    "type": "atomic",
  },
  {
    "characterList": [
      {
        "entity": null,
        "style": [],
      },
      {
        "entity": null,
        "style": [],
      },
      {
        "entity": null,
        "style": [],
      },
      {
        "entity": null,
        "style": [],
      },
      {
        "entity": null,
        "style": [],
      },
    ],
    "data": {},
    "depth": 0,
    "key": "key4",
    "text": "Alpha",
    "type": "unstyled",
  },
  {
    "characterList": [
      {
        "entity": "2",
        "style": [
          "BOLD",
        ],
      },
      {
        "entity": "2",
        "style": [
          "BOLD",
        ],
      },
      {
        "entity": "2",
        "style": [
          "BOLD",
        ],
      },
      {
        "entity": "2",
        "style": [
          "BOLD",
        ],
      },
      {
        "entity": "2",
        "style": [
          "BOLD",
        ],
      },
    ],
    "data": {},
    "depth": 0,
    "key": "b",
    "text": "Bravo",
    "type": "unordered-list-item",
  },
  {
    "characterList": [
      {
        "entity": null,
        "style": [],
      },
      {
        "entity": null,
        "style": [],
      },
      {
        "entity": null,
        "style": [],
      },
      {
        "entity": null,
        "style": [],
      },
    ],
    "data": {},
    "depth": 0,
    "key": "c",
    "text": "Test",
    "type": "code-block",
  },
  {
    "characterList": [],
    "data": {},
    "depth": 0,
    "key": "d",
    "text": "",
    "type": "code-block",
  },
  {
    "characterList": [],
    "data": {},
    "depth": 0,
    "key": "e",
    "text": "",
    "type": "code-block",
  },
  {
    "characterList": [
      {
        "entity": null,
        "style": [
          "ITALIC",
        ],
      },
      {
        "entity": null,
        "style": [
          "ITALIC",
        ],
      },
      {
        "entity": null,
        "style": [
          "ITALIC",
        ],
      },
      {
        "entity": null,
        "style": [
          "ITALIC",
        ],
      },
      {
        "entity": null,
        "style": [
          "ITALIC",
        ],
      },
      {
        "entity": null,
        "style": [
          "ITALIC",
        ],
      },
      {
        "entity": null,
        "style": [
          "ITALIC",
        ],
      },
    ],
    "data": {},
    "depth": 0,
    "key": "f",
    "text": "Charlie",
    "type": "blockquote",
  },
]
`;

exports[`must move atomic after block with collapsed selection 2`] = `
[
  {
    "characterList": [],
    "data": {},
    "depth": 0,
    "key": "a",
    "text": "",
    "type": "unstyled",
  },
  {
    "characterList": [
      {
        "entity": null,
        "style": [],
      },
      {
        "entity": null,
        "style": [],
      },
      {
        "entity": null,
        "style": [],
      },
      {
        "entity": null,
        "style": [],
      },
      {
        "entity": null,
        "style": [],
      },
    ],
    "data": {},
    "depth": 0,
    "key": "key4",
    "text": "Alpha",
    "type": "unstyled",
  },
  {
    "characterList": [
      {
        "entity": "2",
        "style": [
          "BOLD",
        ],
      },
      {
        "entity": "2",
        "style": [
          "BOLD",
        ],
      },
      {
        "entity": "2",
        "style": [
          "BOLD",
        ],
      },
      {
        "entity": "2",
        "style": [
          "BOLD",
        ],
      },
      {
        "entity": "2",
        "style": [
          "BOLD",
        ],
      },
    ],
    "data": {},
    "depth": 0,
    "key": "b",
    "text": "Bravo",
    "type": "unordered-list-item",
  },
  {
    "characterList": [
      {
        "entity": null,
        "style": [],
      },
      {
        "entity": null,
        "style": [],
      },
      {
        "entity": null,
        "style": [],
      },
      {
        "entity": null,
        "style": [],
      },
    ],
    "data": {},
    "depth": 0,
    "key": "c",
    "text": "Test",
    "type": "code-block",
  },
  {
    "characterList": [],
    "data": {},
    "depth": 0,
    "key": "d",
    "text": "",
    "type": "code-block",
  },
  {
    "characterList": [],
    "data": {},
    "depth": 0,
    "key": "e",
    "text": "",
    "type": "code-block",
  },
  {
    "characterList": [
      {
        "entity": null,
        "style": [
          "ITALIC",
        ],
      },
      {
        "entity": null,
        "style": [
          "ITALIC",
        ],
      },
      {
        "entity": null,
        "style": [
          "ITALIC",
        ],
      },
      {
        "entity": null,
        "style": [
          "ITALIC",
        ],
      },
      {
        "entity": null,
        "style": [
          "ITALIC",
        ],
      },
      {
        "entity": null,
        "style": [
          "ITALIC",
        ],
      },
      {
        "entity": null,
        "style": [
          "ITALIC",
        ],
      },
    ],
    "data": {},
    "depth": 0,
    "key": "f",
    "text": "Charlie",
    "type": "blockquote",
  },
  {
    "characterList": [
      {
        "entity": "1",
        "style": [],
      },
    ],
    "data": {},
    "depth": 0,
    "key": "key0",
    "text": " ",
    "type": "atomic",
  },
]
`;

exports[`must move atomic at end of block 1`] = `
[
  {
    "characterList": [],
    "data": {},
    "depth": 0,
    "key": "a",
    "text": "",
    "type": "unstyled",
  },
  {
    "characterList": [
      {
        "entity": "1",
        "style": [],
      },
    ],
    "data": {},
    "depth": 0,
    "key": "key0",
    "text": " ",
    "type": "atomic",
  },
  {
    "characterList": [
      {
        "entity": null,
        "style": [],
      },
      {
        "entity": null,
        "style": [],
      },
      {
        "entity": null,
        "style": [],
      },
      {
        "entity": null,
        "style": [],
      },
      {
        "entity": null,
        "style": [],
      },
    ],
    "data": {},
    "depth": 0,
    "key": "key4",
    "text": "Alpha",
    "type": "unstyled",
  },
  {
    "characterList": [
      {
        "entity": "2",
        "style": [
          "BOLD",
        ],
      },
      {
        "entity": "2",
        "style": [
          "BOLD",
        ],
      },
      {
        "entity": "2",
        "style": [
          "BOLD",
        ],
      },
      {
        "entity": "2",
        "style": [
          "BOLD",
        ],
      },
      {
        "entity": "2",
        "style": [
          "BOLD",
        ],
      },
    ],
    "data": {},
    "depth": 0,
    "key": "b",
    "text": "Bravo",
    "type": "unordered-list-item",
  },
  {
    "characterList": [
      {
        "entity": null,
        "style": [],
      },
      {
        "entity": null,
        "style": [],
      },
      {
        "entity": null,
        "style": [],
      },
      {
        "entity": null,
        "style": [],
      },
    ],
    "data": {},
    "depth": 0,
    "key": "c",
    "text": "Test",
    "type": "code-block",
  },
  {
    "characterList": [],
    "data": {},
    "depth": 0,
    "key": "d",
    "text": "",
    "type": "code-block",
  },
  {
    "characterList": [],
    "data": {},
    "depth": 0,
    "key": "e",
    "text": "",
    "type": "code-block",
  },
  {
    "characterList": [
      {
        "entity": null,
        "style": [
          "ITALIC",
        ],
      },
      {
        "entity": null,
        "style": [
          "ITALIC",
        ],
      },
      {
        "entity": null,
        "style": [
          "ITALIC",
        ],
      },
      {
        "entity": null,
        "style": [
          "ITALIC",
        ],
      },
      {
        "entity": null,
        "style": [
          "ITALIC",
        ],
      },
      {
        "entity": null,
        "style": [
          "ITALIC",
        ],
      },
      {
        "entity": null,
        "style": [
          "ITALIC",
        ],
      },
    ],
    "data": {},
    "depth": 0,
    "key": "f",
    "text": "Charlie",
    "type": "blockquote",
  },
]
`;

exports[`must move atomic at end of block 2`] = `
[
  {
    "characterList": [],
    "data": {},
    "depth": 0,
    "key": "a",
    "text": "",
    "type": "unstyled",
  },
  {
    "characterList": [
      {
        "entity": null,
        "style": [],
      },
      {
        "entity": null,
        "style": [],
      },
      {
        "entity": null,
        "style": [],
      },
      {
        "entity": null,
        "style": [],
      },
      {
        "entity": null,
        "style": [],
      },
    ],
    "data": {},
    "depth": 0,
    "key": "key4",
    "text": "Alpha",
    "type": "unstyled",
  },
  {
    "characterList": [
      {
        "entity": "2",
        "style": [
          "BOLD",
        ],
      },
      {
        "entity": "2",
        "style": [
          "BOLD",
        ],
      },
      {
        "entity": "2",
        "style": [
          "BOLD",
        ],
      },
      {
        "entity": "2",
        "style": [
          "BOLD",
        ],
      },
      {
        "entity": "2",
        "style": [
          "BOLD",
        ],
      },
    ],
    "data": {},
    "depth": 0,
    "key": "b",
    "text": "Bravo",
    "type": "unordered-list-item",
  },
  {
    "characterList": [
      {
        "entity": null,
        "style": [],
      },
      {
        "entity": null,
        "style": [],
      },
      {
        "entity": null,
        "style": [],
      },
      {
        "entity": null,
        "style": [],
      },
    ],
    "data": {},
    "depth": 0,
    "key": "c",
    "text": "Test",
    "type": "code-block",
  },
  {
    "characterList": [],
    "data": {},
    "depth": 0,
    "key": "d",
    "text": "",
    "type": "code-block",
  },
  {
    "characterList": [],
    "data": {},
    "depth": 0,
    "key": "e",
    "text": "",
    "type": "code-block",
  },
  {
    "characterList": [
      {
        "entity": null,
        "style": [
          "ITALIC",
        ],
      },
      {
        "entity": null,
        "style": [
          "ITALIC",
        ],
      },
      {
        "entity": null,
        "style": [
          "ITALIC",
        ],
      },
      {
        "entity": null,
        "style": [
          "ITALIC",
        ],
      },
      {
        "entity": null,
        "style": [
          "ITALIC",
        ],
      },
    ],
    "data": {},
    "depth": 0,
    "key": "f",
    "text": "Charl",
    "type": "blockquote",
  },
  {
    "characterList": [
      {
        "entity": "1",
        "style": [],
      },
    ],
    "data": {},
    "depth": 0,
    "key": "key0",
    "text": " ",
    "type": "atomic",
  },
]
`;

exports[`must move atomic at end of block with collapsed selection 1`] = `
[
  {
    "characterList": [],
    "data": {},
    "depth": 0,
    "key": "a",
    "text": "",
    "type": "unstyled",
  },
  {
    "characterList": [
      {
        "entity": "1",
        "style": [],
      },
    ],
    "data": {},
    "depth": 0,
    "key": "key0",
    "text": " ",
    "type": "atomic",
  },
  {
    "characterList": [
      {
        "entity": null,
        "style": [],
      },
      {
        "entity": null,
        "style": [],
      },
      {
        "entity": null,
        "style": [],
      },
      {
        "entity": null,
        "style": [],
      },
      {
        "entity": null,
        "style": [],
      },
    ],
    "data": {},
    "depth": 0,
    "key": "key4",
    "text": "Alpha",
    "type": "unstyled",
  },
  {
    "characterList": [
      {
        "entity": "2",
        "style": [
          "BOLD",
        ],
      },
      {
        "entity": "2",
        "style": [
          "BOLD",
        ],
      },
      {
        "entity": "2",
        "style": [
          "BOLD",
        ],
      },
      {
        "entity": "2",
        "style": [
          "BOLD",
        ],
      },
      {
        "entity": "2",
        "style": [
          "BOLD",
        ],
      },
    ],
    "data": {},
    "depth": 0,
    "key": "b",
    "text": "Bravo",
    "type": "unordered-list-item",
  },
  {
    "characterList": [
      {
        "entity": null,
        "style": [],
      },
      {
        "entity": null,
        "style": [],
      },
      {
        "entity": null,
        "style": [],
      },
      {
        "entity": null,
        "style": [],
      },
    ],
    "data": {},
    "depth": 0,
    "key": "c",
    "text": "Test",
    "type": "code-block",
  },
  {
    "characterList": [],
    "data": {},
    "depth": 0,
    "key": "d",
    "text": "",
    "type": "code-block",
  },
  {
    "characterList": [],
    "data": {},
    "depth": 0,
    "key": "e",
    "text": "",
    "type": "code-block",
  },
  {
    "characterList": [
      {
        "entity": null,
        "style": [
          "ITALIC",
        ],
      },
      {
        "entity": null,
        "style": [
          "ITALIC",
        ],
      },
      {
        "entity": null,
        "style": [
          "ITALIC",
        ],
      },
      {
        "entity": null,
        "style": [
          "ITALIC",
        ],
      },
      {
        "entity": null,
        "style": [
          "ITALIC",
        ],
      },
      {
        "entity": null,
        "style": [
          "ITALIC",
        ],
      },
      {
        "entity": null,
        "style": [
          "ITALIC",
        ],
      },
    ],
    "data": {},
    "depth": 0,
    "key": "f",
    "text": "Charlie",
    "type": "blockquote",
  },
]
`;

exports[`must move atomic at end of block with collapsed selection 2`] = `
[
  {
    "characterList": [],
    "data": {},
    "depth": 0,
    "key": "a",
    "text": "",
    "type": "unstyled",
  },
  {
    "characterList": [
      {
        "entity": null,
        "style": [],
      },
      {
        "entity": null,
        "style": [],
      },
      {
        "entity": null,
        "style": [],
      },
      {
        "entity": null,
        "style": [],
      },
      {
        "entity": null,
        "style": [],
      },
    ],
    "data": {},
    "depth": 0,
    "key": "key4",
    "text": "Alpha",
    "type": "unstyled",
  },
  {
    "characterList": [
      {
        "entity": "2",
        "style": [
          "BOLD",
        ],
      },
      {
        "entity": "2",
        "style": [
          "BOLD",
        ],
      },
      {
        "entity": "2",
        "style": [
          "BOLD",
        ],
      },
      {
        "entity": "2",
        "style": [
          "BOLD",
        ],
      },
      {
        "entity": "2",
        "style": [
          "BOLD",
        ],
      },
    ],
    "data": {},
    "depth": 0,
    "key": "b",
    "text": "Bravo",
    "type": "unordered-list-item",
  },
  {
    "characterList": [
      {
        "entity": null,
        "style": [],
      },
      {
        "entity": null,
        "style": [],
      },
      {
        "entity": null,
        "style": [],
      },
      {
        "entity": null,
        "style": [],
      },
    ],
    "data": {},
    "depth": 0,
    "key": "c",
    "text": "Test",
    "type": "code-block",
  },
  {
    "characterList": [],
    "data": {},
    "depth": 0,
    "key": "d",
    "text": "",
    "type": "code-block",
  },
  {
    "characterList": [],
    "data": {},
    "depth": 0,
    "key": "e",
    "text": "",
    "type": "code-block",
  },
  {
    "characterList": [
      {
        "entity": null,
        "style": [
          "ITALIC",
        ],
      },
      {
        "entity": null,
        "style": [
          "ITALIC",
        ],
      },
      {
        "entity": null,
        "style": [
          "ITALIC",
        ],
      },
      {
        "entity": null,
        "style": [
          "ITALIC",
        ],
      },
      {
        "entity": null,
        "style": [
          "ITALIC",
        ],
      },
      {
        "entity": null,
        "style": [
          "ITALIC",
        ],
      },
      {
        "entity": null,
        "style": [
          "ITALIC",
        ],
      },
    ],
    "data": {},
    "depth": 0,
    "key": "f",
    "text": "Charlie",
    "type": "blockquote",
  },
  {
    "characterList": [
      {
        "entity": "1",
        "style": [],
      },
    ],
    "data": {},
    "depth": 0,
    "key": "key0",
    "text": " ",
    "type": "atomic",
  },
]
`;

exports[`must move atomic at start of block 1`] = `
[
  {
    "characterList": [],
    "data": {},
    "depth": 0,
    "key": "a",
    "text": "",
    "type": "unstyled",
  },
  {
    "characterList": [
      {
        "entity": "1",
        "style": [],
      },
    ],
    "data": {},
    "depth": 0,
    "key": "key0",
    "text": " ",
    "type": "atomic",
  },
  {
    "characterList": [
      {
        "entity": null,
        "style": [],
      },
      {
        "entity": null,
        "style": [],
      },
      {
        "entity": null,
        "style": [],
      },
      {
        "entity": null,
        "style": [],
      },
      {
        "entity": null,
        "style": [],
      },
    ],
    "data": {},
    "depth": 0,
    "key": "key4",
    "text": "Alpha",
    "type": "unstyled",
  },
  {
    "characterList": [
      {
        "entity": "2",
        "style": [
          "BOLD",
        ],
      },
      {
        "entity": "2",
        "style": [
          "BOLD",
        ],
      },
      {
        "entity": "2",
        "style": [
          "BOLD",
        ],
      },
      {
        "entity": "2",
        "style": [
          "BOLD",
        ],
      },
      {
        "entity": "2",
        "style": [
          "BOLD",
        ],
      },
    ],
    "data": {},
    "depth": 0,
    "key": "b",
    "text": "Bravo",
    "type": "unordered-list-item",
  },
  {
    "characterList": [
      {
        "entity": null,
        "style": [],
      },
      {
        "entity": null,
        "style": [],
      },
      {
        "entity": null,
        "style": [],
      },
      {
        "entity": null,
        "style": [],
      },
    ],
    "data": {},
    "depth": 0,
    "key": "c",
    "text": "Test",
    "type": "code-block",
  },
  {
    "characterList": [],
    "data": {},
    "depth": 0,
    "key": "d",
    "text": "",
    "type": "code-block",
  },
  {
    "characterList": [],
    "data": {},
    "depth": 0,
    "key": "e",
    "text": "",
    "type": "code-block",
  },
  {
    "characterList": [
      {
        "entity": null,
        "style": [
          "ITALIC",
        ],
      },
      {
        "entity": null,
        "style": [
          "ITALIC",
        ],
      },
      {
        "entity": null,
        "style": [
          "ITALIC",
        ],
      },
      {
        "entity": null,
        "style": [
          "ITALIC",
        ],
      },
      {
        "entity": null,
        "style": [
          "ITALIC",
        ],
      },
      {
        "entity": null,
        "style": [
          "ITALIC",
        ],
      },
      {
        "entity": null,
        "style": [
          "ITALIC",
        ],
      },
    ],
    "data": {},
    "depth": 0,
    "key": "f",
    "text": "Charlie",
    "type": "blockquote",
  },
]
`;

exports[`must move atomic at start of block 2`] = `
[
  {
    "characterList": [],
    "data": {},
    "depth": 0,
    "key": "a",
    "text": "",
    "type": "unstyled",
  },
  {
    "characterList": [
      {
        "entity": null,
        "style": [],
      },
      {
        "entity": null,
        "style": [],
      },
      {
        "entity": null,
        "style": [],
      },
      {
        "entity": null,
        "style": [],
      },
      {
        "entity": null,
        "style": [],
      },
    ],
    "data": {},
    "depth": 0,
    "key": "key4",
    "text": "Alpha",
    "type": "unstyled",
  },
  {
    "characterList": [
      {
        "entity": "2",
        "style": [
          "BOLD",
        ],
      },
      {
        "entity": "2",
        "style": [
          "BOLD",
        ],
      },
      {
        "entity": "2",
        "style": [
          "BOLD",
        ],
      },
      {
        "entity": "2",
        "style": [
          "BOLD",
        ],
      },
      {
        "entity": "2",
        "style": [
          "BOLD",
        ],
      },
    ],
    "data": {},
    "depth": 0,
    "key": "b",
    "text": "Bravo",
    "type": "unordered-list-item",
  },
  {
    "characterList": [
      {
        "entity": null,
        "style": [],
      },
      {
        "entity": null,
        "style": [],
      },
      {
        "entity": null,
        "style": [],
      },
      {
        "entity": null,
        "style": [],
      },
    ],
    "data": {},
    "depth": 0,
    "key": "c",
    "text": "Test",
    "type": "code-block",
  },
  {
    "characterList": [],
    "data": {},
    "depth": 0,
    "key": "d",
    "text": "",
    "type": "code-block",
  },
  {
    "characterList": [],
    "data": {},
    "depth": 0,
    "key": "e",
    "text": "",
    "type": "code-block",
  },
  {
    "characterList": [
      {
        "entity": "1",
        "style": [],
      },
    ],
    "data": {},
    "depth": 0,
    "key": "key0",
    "text": " ",
    "type": "atomic",
  },
  {
    "characterList": [
      {
        "entity": null,
        "style": [
          "ITALIC",
        ],
      },
      {
        "entity": null,
        "style": [
          "ITALIC",
        ],
      },
      {
        "entity": null,
        "style": [
          "ITALIC",
        ],
      },
      {
        "entity": null,
        "style": [
          "ITALIC",
        ],
      },
      {
        "entity": null,
        "style": [
          "ITALIC",
        ],
      },
    ],
    "data": {},
    "depth": 0,
    "key": "f",
    "text": "arlie",
    "type": "blockquote",
  },
]
`;

exports[`must move atomic at start of block with collapsed selection 1`] = `
[
  {
    "characterList": [],
    "data": {},
    "depth": 0,
    "key": "a",
    "text": "",
    "type": "unstyled",
  },
  {
    "characterList": [
      {
        "entity": "1",
        "style": [],
      },
    ],
    "data": {},
    "depth": 0,
    "key": "key0",
    "text": " ",
    "type": "atomic",
  },
  {
    "characterList": [
      {
        "entity": null,
        "style": [],
      },
      {
        "entity": null,
        "style": [],
      },
      {
        "entity": null,
        "style": [],
      },
      {
        "entity": null,
        "style": [],
      },
      {
        "entity": null,
        "style": [],
      },
    ],
    "data": {},
    "depth": 0,
    "key": "key4",
    "text": "Alpha",
    "type": "unstyled",
  },
  {
    "characterList": [
      {
        "entity": "2",
        "style": [
          "BOLD",
        ],
      },
      {
        "entity": "2",
        "style": [
          "BOLD",
        ],
      },
      {
        "entity": "2",
        "style": [
          "BOLD",
        ],
      },
      {
        "entity": "2",
        "style": [
          "BOLD",
        ],
      },
      {
        "entity": "2",
        "style": [
          "BOLD",
        ],
      },
    ],
    "data": {},
    "depth": 0,
    "key": "b",
    "text": "Bravo",
    "type": "unordered-list-item",
  },
  {
    "characterList": [
      {
        "entity": null,
        "style": [],
      },
      {
        "entity": null,
        "style": [],
      },
      {
        "entity": null,
        "style": [],
      },
      {
        "entity": null,
        "style": [],
      },
    ],
    "data": {},
    "depth": 0,
    "key": "c",
    "text": "Test",
    "type": "code-block",
  },
  {
    "characterList": [],
    "data": {},
    "depth": 0,
    "key": "d",
    "text": "",
    "type": "code-block",
  },
  {
    "characterList": [],
    "data": {},
    "depth": 0,
    "key": "e",
    "text": "",
    "type": "code-block",
  },
  {
    "characterList": [
      {
        "entity": null,
        "style": [
          "ITALIC",
        ],
      },
      {
        "entity": null,
        "style": [
          "ITALIC",
        ],
      },
      {
        "entity": null,
        "style": [
          "ITALIC",
        ],
      },
      {
        "entity": null,
        "style": [
          "ITALIC",
        ],
      },
      {
        "entity": null,
        "style": [
          "ITALIC",
        ],
      },
      {
        "entity": null,
        "style": [
          "ITALIC",
        ],
      },
      {
        "entity": null,
        "style": [
          "ITALIC",
        ],
      },
    ],
    "data": {},
    "depth": 0,
    "key": "f",
    "text": "Charlie",
    "type": "blockquote",
  },
]
`;

exports[`must move atomic at start of block with collapsed selection 2`] = `
[
  {
    "characterList": [
      {
        "entity": "1",
        "style": [],
      },
    ],
    "data": {},
    "depth": 0,
    "key": "key0",
    "text": " ",
    "type": "atomic",
  },
  {
    "characterList": [],
    "data": {},
    "depth": 0,
    "key": "a",
    "text": "",
    "type": "unstyled",
  },
  {
    "characterList": [
      {
        "entity": null,
        "style": [],
      },
      {
        "entity": null,
        "style": [],
      },
      {
        "entity": null,
        "style": [],
      },
      {
        "entity": null,
        "style": [],
      },
      {
        "entity": null,
        "style": [],
      },
    ],
    "data": {},
    "depth": 0,
    "key": "key4",
    "text": "Alpha",
    "type": "unstyled",
  },
  {
    "characterList": [
      {
        "entity": "2",
        "style": [
          "BOLD",
        ],
      },
      {
        "entity": "2",
        "style": [
          "BOLD",
        ],
      },
      {
        "entity": "2",
        "style": [
          "BOLD",
        ],
      },
      {
        "entity": "2",
        "style": [
          "BOLD",
        ],
      },
      {
        "entity": "2",
        "style": [
          "BOLD",
        ],
      },
    ],
    "data": {},
    "depth": 0,
    "key": "b",
    "text": "Bravo",
    "type": "unordered-list-item",
  },
  {
    "characterList": [
      {
        "entity": null,
        "style": [],
      },
      {
        "entity": null,
        "style": [],
      },
      {
        "entity": null,
        "style": [],
      },
      {
        "entity": null,
        "style": [],
      },
    ],
    "data": {},
    "depth": 0,
    "key": "c",
    "text": "Test",
    "type": "code-block",
  },
  {
    "characterList": [],
    "data": {},
    "depth": 0,
    "key": "d",
    "text": "",
    "type": "code-block",
  },
  {
    "characterList": [],
    "data": {},
    "depth": 0,
    "key": "e",
    "text": "",
    "type": "code-block",
  },
  {
    "characterList": [
      {
        "entity": null,
        "style": [
          "ITALIC",
        ],
      },
      {
        "entity": null,
        "style": [
          "ITALIC",
        ],
      },
      {
        "entity": null,
        "style": [
          "ITALIC",
        ],
      },
      {
        "entity": null,
        "style": [
          "ITALIC",
        ],
      },
      {
        "entity": null,
        "style": [
          "ITALIC",
        ],
      },
      {
        "entity": null,
        "style": [
          "ITALIC",
        ],
      },
      {
        "entity": null,
        "style": [
          "ITALIC",
        ],
      },
    ],
    "data": {},
    "depth": 0,
    "key": "f",
    "text": "Charlie",
    "type": "blockquote",
  },
]
`;

exports[`must move atomic before block 1`] = `
[
  {
    "characterList": [],
    "data": {},
    "depth": 0,
    "key": "a",
    "text": "",
    "type": "unstyled",
  },
  {
    "characterList": [
      {
        "entity": "1",
        "style": [],
      },
    ],
    "data": {},
    "depth": 0,
    "key": "key0",
    "text": " ",
    "type": "atomic",
  },
  {
    "characterList": [
      {
        "entity": null,
        "style": [],
      },
      {
        "entity": null,
        "style": [],
      },
      {
        "entity": null,
        "style": [],
      },
      {
        "entity": null,
        "style": [],
      },
      {
        "entity": null,
        "style": [],
      },
    ],
    "data": {},
    "depth": 0,
    "key": "key4",
    "text": "Alpha",
    "type": "unstyled",
  },
  {
    "characterList": [
      {
        "entity": "2",
        "style": [
          "BOLD",
        ],
      },
      {
        "entity": "2",
        "style": [
          "BOLD",
        ],
      },
      {
        "entity": "2",
        "style": [
          "BOLD",
        ],
      },
      {
        "entity": "2",
        "style": [
          "BOLD",
        ],
      },
      {
        "entity": "2",
        "style": [
          "BOLD",
        ],
      },
    ],
    "data": {},
    "depth": 0,
    "key": "b",
    "text": "Bravo",
    "type": "unordered-list-item",
  },
  {
    "characterList": [
      {
        "entity": null,
        "style": [],
      },
      {
        "entity": null,
        "style": [],
      },
      {
        "entity": null,
        "style": [],
      },
      {
        "entity": null,
        "style": [],
      },
    ],
    "data": {},
    "depth": 0,
    "key": "c",
    "text": "Test",
    "type": "code-block",
  },
  {
    "characterList": [],
    "data": {},
    "depth": 0,
    "key": "d",
    "text": "",
    "type": "code-block",
  },
  {
    "characterList": [],
    "data": {},
    "depth": 0,
    "key": "e",
    "text": "",
    "type": "code-block",
  },
  {
    "characterList": [
      {
        "entity": null,
        "style": [
          "ITALIC",
        ],
      },
      {
        "entity": null,
        "style": [
          "ITALIC",
        ],
      },
      {
        "entity": null,
        "style": [
          "ITALIC",
        ],
      },
      {
        "entity": null,
        "style": [
          "ITALIC",
        ],
      },
      {
        "entity": null,
        "style": [
          "ITALIC",
        ],
      },
      {
        "entity": null,
        "style": [
          "ITALIC",
        ],
      },
      {
        "entity": null,
        "style": [
          "ITALIC",
        ],
      },
    ],
    "data": {},
    "depth": 0,
    "key": "f",
    "text": "Charlie",
    "type": "blockquote",
  },
]
`;

exports[`must move atomic before block 2`] = `
[
  {
    "characterList": [
      {
        "entity": "1",
        "style": [],
      },
    ],
    "data": {},
    "depth": 0,
    "key": "key0",
    "text": " ",
    "type": "atomic",
  },
  {
    "characterList": [],
    "data": {},
    "depth": 0,
    "key": "a",
    "text": "",
    "type": "unstyled",
  },
  {
    "characterList": [
      {
        "entity": null,
        "style": [],
      },
      {
        "entity": null,
        "style": [],
      },
      {
        "entity": null,
        "style": [],
      },
      {
        "entity": null,
        "style": [],
      },
      {
        "entity": null,
        "style": [],
      },
    ],
    "data": {},
    "depth": 0,
    "key": "key4",
    "text": "Alpha",
    "type": "unstyled",
  },
  {
    "characterList": [
      {
        "entity": "2",
        "style": [
          "BOLD",
        ],
      },
      {
        "entity": "2",
        "style": [
          "BOLD",
        ],
      },
      {
        "entity": "2",
        "style": [
          "BOLD",
        ],
      },
      {
        "entity": "2",
        "style": [
          "BOLD",
        ],
      },
      {
        "entity": "2",
        "style": [
          "BOLD",
        ],
      },
    ],
    "data": {},
    "depth": 0,
    "key": "b",
    "text": "Bravo",
    "type": "unordered-list-item",
  },
  {
    "characterList": [
      {
        "entity": null,
        "style": [],
      },
      {
        "entity": null,
        "style": [],
      },
      {
        "entity": null,
        "style": [],
      },
      {
        "entity": null,
        "style": [],
      },
    ],
    "data": {},
    "depth": 0,
    "key": "c",
    "text": "Test",
    "type": "code-block",
  },
  {
    "characterList": [],
    "data": {},
    "depth": 0,
    "key": "d",
    "text": "",
    "type": "code-block",
  },
  {
    "characterList": [],
    "data": {},
    "depth": 0,
    "key": "e",
    "text": "",
    "type": "code-block",
  },
  {
    "characterList": [
      {
        "entity": null,
        "style": [
          "ITALIC",
        ],
      },
      {
        "entity": null,
        "style": [
          "ITALIC",
        ],
      },
      {
        "entity": null,
        "style": [
          "ITALIC",
        ],
      },
      {
        "entity": null,
        "style": [
          "ITALIC",
        ],
      },
      {
        "entity": null,
        "style": [
          "ITALIC",
        ],
      },
      {
        "entity": null,
        "style": [
          "ITALIC",
        ],
      },
      {
        "entity": null,
        "style": [
          "ITALIC",
        ],
      },
    ],
    "data": {},
    "depth": 0,
    "key": "f",
    "text": "Charlie",
    "type": "blockquote",
  },
]
`;

exports[`must move atomic before block with collapsed selection 1`] = `
[
  {
    "characterList": [],
    "data": {},
    "depth": 0,
    "key": "a",
    "text": "",
    "type": "unstyled",
  },
  {
    "characterList": [
      {
        "entity": "1",
        "style": [],
      },
    ],
    "data": {},
    "depth": 0,
    "key": "key0",
    "text": " ",
    "type": "atomic",
  },
  {
    "characterList": [
      {
        "entity": null,
        "style": [],
      },
      {
        "entity": null,
        "style": [],
      },
      {
        "entity": null,
        "style": [],
      },
      {
        "entity": null,
        "style": [],
      },
      {
        "entity": null,
        "style": [],
      },
    ],
    "data": {},
    "depth": 0,
    "key": "key4",
    "text": "Alpha",
    "type": "unstyled",
  },
  {
    "characterList": [
      {
        "entity": "2",
        "style": [
          "BOLD",
        ],
      },
      {
        "entity": "2",
        "style": [
          "BOLD",
        ],
      },
      {
        "entity": "2",
        "style": [
          "BOLD",
        ],
      },
      {
        "entity": "2",
        "style": [
          "BOLD",
        ],
      },
      {
        "entity": "2",
        "style": [
          "BOLD",
        ],
      },
    ],
    "data": {},
    "depth": 0,
    "key": "b",
    "text": "Bravo",
    "type": "unordered-list-item",
  },
  {
    "characterList": [
      {
        "entity": null,
        "style": [],
      },
      {
        "entity": null,
        "style": [],
      },
      {
        "entity": null,
        "style": [],
      },
      {
        "entity": null,
        "style": [],
      },
    ],
    "data": {},
    "depth": 0,
    "key": "c",
    "text": "Test",
    "type": "code-block",
  },
  {
    "characterList": [],
    "data": {},
    "depth": 0,
    "key": "d",
    "text": "",
    "type": "code-block",
  },
  {
    "characterList": [],
    "data": {},
    "depth": 0,
    "key": "e",
    "text": "",
    "type": "code-block",
  },
  {
    "characterList": [
      {
        "entity": null,
        "style": [
          "ITALIC",
        ],
      },
      {
        "entity": null,
        "style": [
          "ITALIC",
        ],
      },
      {
        "entity": null,
        "style": [
          "ITALIC",
        ],
      },
      {
        "entity": null,
        "style": [
          "ITALIC",
        ],
      },
      {
        "entity": null,
        "style": [
          "ITALIC",
        ],
      },
      {
        "entity": null,
        "style": [
          "ITALIC",
        ],
      },
      {
        "entity": null,
        "style": [
          "ITALIC",
        ],
      },
    ],
    "data": {},
    "depth": 0,
    "key": "f",
    "text": "Charlie",
    "type": "blockquote",
  },
]
`;

exports[`must move atomic before block with collapsed selection 2`] = `
[
  {
    "characterList": [
      {
        "entity": "1",
        "style": [],
      },
    ],
    "data": {},
    "depth": 0,
    "key": "key0",
    "text": " ",
    "type": "atomic",
  },
  {
    "characterList": [],
    "data": {},
    "depth": 0,
    "key": "a",
    "text": "",
    "type": "unstyled",
  },
  {
    "characterList": [
      {
        "entity": null,
        "style": [],
      },
      {
        "entity": null,
        "style": [],
      },
      {
        "entity": null,
        "style": [],
      },
      {
        "entity": null,
        "style": [],
      },
      {
        "entity": null,
        "style": [],
      },
    ],
    "data": {},
    "depth": 0,
    "key": "key4",
    "text": "Alpha",
    "type": "unstyled",
  },
  {
    "characterList": [
      {
        "entity": "2",
        "style": [
          "BOLD",
        ],
      },
      {
        "entity": "2",
        "style": [
          "BOLD",
        ],
      },
      {
        "entity": "2",
        "style": [
          "BOLD",
        ],
      },
      {
        "entity": "2",
        "style": [
          "BOLD",
        ],
      },
      {
        "entity": "2",
        "style": [
          "BOLD",
        ],
      },
    ],
    "data": {},
    "depth": 0,
    "key": "b",
    "text": "Bravo",
    "type": "unordered-list-item",
  },
  {
    "characterList": [
      {
        "entity": null,
        "style": [],
      },
      {
        "entity": null,
        "style": [],
      },
      {
        "entity": null,
        "style": [],
      },
      {
        "entity": null,
        "style": [],
      },
    ],
    "data": {},
    "depth": 0,
    "key": "c",
    "text": "Test",
    "type": "code-block",
  },
  {
    "characterList": [],
    "data": {},
    "depth": 0,
    "key": "d",
    "text": "",
    "type": "code-block",
  },
  {
    "characterList": [],
    "data": {},
    "depth": 0,
    "key": "e",
    "text": "",
    "type": "code-block",
  },
  {
    "characterList": [
      {
        "entity": null,
        "style": [
          "ITALIC",
        ],
      },
      {
        "entity": null,
        "style": [
          "ITALIC",
        ],
      },
      {
        "entity": null,
        "style": [
          "ITALIC",
        ],
      },
      {
        "entity": null,
        "style": [
          "ITALIC",
        ],
      },
      {
        "entity": null,
        "style": [
          "ITALIC",
        ],
      },
      {
        "entity": null,
        "style": [
          "ITALIC",
        ],
      },
      {
        "entity": null,
        "style": [
          "ITALIC",
        ],
      },
    ],
    "data": {},
    "depth": 0,
    "key": "f",
    "text": "Charlie",
    "type": "blockquote",
  },
]
`;

exports[`must move atomic inbetween block 1`] = `
[
  {
    "characterList": [],
    "data": {},
    "depth": 0,
    "key": "a",
    "text": "",
    "type": "unstyled",
  },
  {
    "characterList": [
      {
        "entity": "1",
        "style": [],
      },
    ],
    "data": {},
    "depth": 0,
    "key": "key0",
    "text": " ",
    "type": "atomic",
  },
  {
    "characterList": [
      {
        "entity": null,
        "style": [],
      },
      {
        "entity": null,
        "style": [],
      },
      {
        "entity": null,
        "style": [],
      },
      {
        "entity": null,
        "style": [],
      },
      {
        "entity": null,
        "style": [],
      },
    ],
    "data": {},
    "depth": 0,
    "key": "key4",
    "text": "Alpha",
    "type": "unstyled",
  },
  {
    "characterList": [
      {
        "entity": "2",
        "style": [
          "BOLD",
        ],
      },
      {
        "entity": "2",
        "style": [
          "BOLD",
        ],
      },
      {
        "entity": "2",
        "style": [
          "BOLD",
        ],
      },
      {
        "entity": "2",
        "style": [
          "BOLD",
        ],
      },
      {
        "entity": "2",
        "style": [
          "BOLD",
        ],
      },
    ],
    "data": {},
    "depth": 0,
    "key": "b",
    "text": "Bravo",
    "type": "unordered-list-item",
  },
  {
    "characterList": [
      {
        "entity": null,
        "style": [],
      },
      {
        "entity": null,
        "style": [],
      },
      {
        "entity": null,
        "style": [],
      },
      {
        "entity": null,
        "style": [],
      },
    ],
    "data": {},
    "depth": 0,
    "key": "c",
    "text": "Test",
    "type": "code-block",
  },
  {
    "characterList": [],
    "data": {},
    "depth": 0,
    "key": "d",
    "text": "",
    "type": "code-block",
  },
  {
    "characterList": [],
    "data": {},
    "depth": 0,
    "key": "e",
    "text": "",
    "type": "code-block",
  },
  {
    "characterList": [
      {
        "entity": null,
        "style": [
          "ITALIC",
        ],
      },
      {
        "entity": null,
        "style": [
          "ITALIC",
        ],
      },
      {
        "entity": null,
        "style": [
          "ITALIC",
        ],
      },
      {
        "entity": null,
        "style": [
          "ITALIC",
        ],
      },
      {
        "entity": null,
        "style": [
          "ITALIC",
        ],
      },
      {
        "entity": null,
        "style": [
          "ITALIC",
        ],
      },
      {
        "entity": null,
        "style": [
          "ITALIC",
        ],
      },
    ],
    "data": {},
    "depth": 0,
    "key": "f",
    "text": "Charlie",
    "type": "blockquote",
  },
]
`;

exports[`must move atomic inbetween block 2`] = `
[
  {
    "characterList": [],
    "data": {},
    "depth": 0,
    "key": "a",
    "text": "",
    "type": "unstyled",
  },
  {
    "characterList": [
      {
        "entity": null,
        "style": [],
      },
    ],
    "data": {},
    "depth": 0,
    "key": "key4",
    "text": "A",
    "type": "unstyled",
  },
  {
    "characterList": [
      {
        "entity": "1",
        "style": [],
      },
    ],
    "data": {},
    "depth": 0,
    "key": "key0",
    "text": " ",
    "type": "atomic",
  },
  {
    "characterList": [
      {
        "entity": null,
        "style": [],
      },
      {
        "entity": null,
        "style": [],
      },
      {
        "entity": null,
        "style": [],
      },
    ],
    "data": Map {},
    "depth": 0,
    "key": "key5",
    "text": "pha",
    "type": "unstyled",
  },
  {
    "characterList": [
      {
        "entity": "2",
        "style": [
          "BOLD",
        ],
      },
      {
        "entity": "2",
        "style": [
          "BOLD",
        ],
      },
      {
        "entity": "2",
        "style": [
          "BOLD",
        ],
      },
      {
        "entity": "2",
        "style": [
          "BOLD",
        ],
      },
      {
        "entity": "2",
        "style": [
          "BOLD",
        ],
      },
    ],
    "data": {},
    "depth": 0,
    "key": "b",
    "text": "Bravo",
    "type": "unordered-list-item",
  },
  {
    "characterList": [
      {
        "entity": null,
        "style": [],
      },
      {
        "entity": null,
        "style": [],
      },
      {
        "entity": null,
        "style": [],
      },
      {
        "entity": null,
        "style": [],
      },
    ],
    "data": {},
    "depth": 0,
    "key": "c",
    "text": "Test",
    "type": "code-block",
  },
  {
    "characterList": [],
    "data": {},
    "depth": 0,
    "key": "d",
    "text": "",
    "type": "code-block",
  },
  {
    "characterList": [],
    "data": {},
    "depth": 0,
    "key": "e",
    "text": "",
    "type": "code-block",
  },
  {
    "characterList": [
      {
        "entity": null,
        "style": [
          "ITALIC",
        ],
      },
      {
        "entity": null,
        "style": [
          "ITALIC",
        ],
      },
      {
        "entity": null,
        "style": [
          "ITALIC",
        ],
      },
      {
        "entity": null,
        "style": [
          "ITALIC",
        ],
      },
      {
        "entity": null,
        "style": [
          "ITALIC",
        ],
      },
      {
        "entity": null,
        "style": [
          "ITALIC",
        ],
      },
      {
        "entity": null,
        "style": [
          "ITALIC",
        ],
      },
    ],
    "data": {},
    "depth": 0,
    "key": "f",
    "text": "Charlie",
    "type": "blockquote",
  },
]
`;

exports[`must move atomic inbetween block with collapsed selection 1`] = `
[
  {
    "characterList": [],
    "data": {},
    "depth": 0,
    "key": "a",
    "text": "",
    "type": "unstyled",
  },
  {
    "characterList": [
      {
        "entity": "1",
        "style": [],
      },
    ],
    "data": {},
    "depth": 0,
    "key": "key0",
    "text": " ",
    "type": "atomic",
  },
  {
    "characterList": [
      {
        "entity": null,
        "style": [],
      },
      {
        "entity": null,
        "style": [],
      },
      {
        "entity": null,
        "style": [],
      },
      {
        "entity": null,
        "style": [],
      },
      {
        "entity": null,
        "style": [],
      },
    ],
    "data": {},
    "depth": 0,
    "key": "key4",
    "text": "Alpha",
    "type": "unstyled",
  },
  {
    "characterList": [
      {
        "entity": "2",
        "style": [
          "BOLD",
        ],
      },
      {
        "entity": "2",
        "style": [
          "BOLD",
        ],
      },
      {
        "entity": "2",
        "style": [
          "BOLD",
        ],
      },
      {
        "entity": "2",
        "style": [
          "BOLD",
        ],
      },
      {
        "entity": "2",
        "style": [
          "BOLD",
        ],
      },
    ],
    "data": {},
    "depth": 0,
    "key": "b",
    "text": "Bravo",
    "type": "unordered-list-item",
  },
  {
    "characterList": [
      {
        "entity": null,
        "style": [],
      },
      {
        "entity": null,
        "style": [],
      },
      {
        "entity": null,
        "style": [],
      },
      {
        "entity": null,
        "style": [],
      },
    ],
    "data": {},
    "depth": 0,
    "key": "c",
    "text": "Test",
    "type": "code-block",
  },
  {
    "characterList": [],
    "data": {},
    "depth": 0,
    "key": "d",
    "text": "",
    "type": "code-block",
  },
  {
    "characterList": [],
    "data": {},
    "depth": 0,
    "key": "e",
    "text": "",
    "type": "code-block",
  },
  {
    "characterList": [
      {
        "entity": null,
        "style": [
          "ITALIC",
        ],
      },
      {
        "entity": null,
        "style": [
          "ITALIC",
        ],
      },
      {
        "entity": null,
        "style": [
          "ITALIC",
        ],
      },
      {
        "entity": null,
        "style": [
          "ITALIC",
        ],
      },
      {
        "entity": null,
        "style": [
          "ITALIC",
        ],
      },
      {
        "entity": null,
        "style": [
          "ITALIC",
        ],
      },
      {
        "entity": null,
        "style": [
          "ITALIC",
        ],
      },
    ],
    "data": {},
    "depth": 0,
    "key": "f",
    "text": "Charlie",
    "type": "blockquote",
  },
]
`;

exports[`must move atomic inbetween block with collapsed selection 2`] = `
[
  {
    "characterList": [],
    "data": {},
    "depth": 0,
    "key": "a",
    "text": "",
    "type": "unstyled",
  },
  {
    "characterList": [
      {
        "entity": null,
        "style": [],
      },
      {
        "entity": null,
        "style": [],
      },
    ],
    "data": {},
    "depth": 0,
    "key": "key4",
    "text": "Al",
    "type": "unstyled",
  },
  {
    "characterList": [
      {
        "entity": "1",
        "style": [],
      },
    ],
    "data": {},
    "depth": 0,
    "key": "key0",
    "text": " ",
    "type": "atomic",
  },
  {
    "characterList": [
      {
        "entity": null,
        "style": [],
      },
      {
        "entity": null,
        "style": [],
      },
      {
        "entity": null,
        "style": [],
      },
    ],
    "data": Map {},
    "depth": 0,
    "key": "key5",
    "text": "pha",
    "type": "unstyled",
  },
  {
    "characterList": [
      {
        "entity": "2",
        "style": [
          "BOLD",
        ],
      },
      {
        "entity": "2",
        "style": [
          "BOLD",
        ],
      },
      {
        "entity": "2",
        "style": [
          "BOLD",
        ],
      },
      {
        "entity": "2",
        "style": [
          "BOLD",
        ],
      },
      {
        "entity": "2",
        "style": [
          "BOLD",
        ],
      },
    ],
    "data": {},
    "depth": 0,
    "key": "b",
    "text": "Bravo",
    "type": "unordered-list-item",
  },
  {
    "characterList": [
      {
        "entity": null,
        "style": [],
      },
      {
        "entity": null,
        "style": [],
      },
      {
        "entity": null,
        "style": [],
      },
      {
        "entity": null,
        "style": [],
      },
    ],
    "data": {},
    "depth": 0,
    "key": "c",
    "text": "Test",
    "type": "code-block",
  },
  {
    "characterList": [],
    "data": {},
    "depth": 0,
    "key": "d",
    "text": "",
    "type": "code-block",
  },
  {
    "characterList": [],
    "data": {},
    "depth": 0,
    "key": "e",
    "text": "",
    "type": "code-block",
  },
  {
    "characterList": [
      {
        "entity": null,
        "style": [
          "ITALIC",
        ],
      },
      {
        "entity": null,
        "style": [
          "ITALIC",
        ],
      },
      {
        "entity": null,
        "style": [
          "ITALIC",
        ],
      },
      {
        "entity": null,
        "style": [
          "ITALIC",
        ],
      },
      {
        "entity": null,
        "style": [
          "ITALIC",
        ],
      },
      {
        "entity": null,
        "style": [
          "ITALIC",
        ],
      },
      {
        "entity": null,
        "style": [
          "ITALIC",
        ],
      },
    ],
    "data": {},
    "depth": 0,
    "key": "f",
    "text": "Charlie",
    "type": "blockquote",
  },
]
`;

exports[`mustn't move atomic next to itself 1`] = `
[
  {
    "characterList": [
      {
        "entity": null,
        "style": [],
      },
      {
        "entity": null,
        "style": [],
      },
      {
        "entity": null,
        "style": [],
      },
      {
        "entity": null,
        "style": [],
      },
      {
        "entity": null,
        "style": [],
      },
    ],
    "data": {},
    "depth": 0,
    "key": "a",
    "text": "Alpha",
    "type": "unstyled",
  },
  {
    "characterList": [
      {
        "entity": "1",
        "style": [],
      },
    ],
    "data": {},
    "depth": 0,
    "key": "key0",
    "text": " ",
    "type": "atomic",
  },
  {
    "characterList": [],
    "data": {},
    "depth": 0,
    "key": "key4",
    "text": "",
    "type": "unstyled",
  },
  {
    "characterList": [
      {
        "entity": "2",
        "style": [
          "BOLD",
        ],
      },
      {
        "entity": "2",
        "style": [
          "BOLD",
        ],
      },
      {
        "entity": "2",
        "style": [
          "BOLD",
        ],
      },
      {
        "entity": "2",
        "style": [
          "BOLD",
        ],
      },
      {
        "entity": "2",
        "style": [
          "BOLD",
        ],
      },
    ],
    "data": {},
    "depth": 0,
    "key": "b",
    "text": "Bravo",
    "type": "unordered-list-item",
  },
  {
    "characterList": [
      {
        "entity": null,
        "style": [],
      },
      {
        "entity": null,
        "style": [],
      },
      {
        "entity": null,
        "style": [],
      },
      {
        "entity": null,
        "style": [],
      },
    ],
    "data": {},
    "depth": 0,
    "key": "c",
    "text": "Test",
    "type": "code-block",
  },
  {
    "characterList": [],
    "data": {},
    "depth": 0,
    "key": "d",
    "text": "",
    "type": "code-block",
  },
  {
    "characterList": [],
    "data": {},
    "depth": 0,
    "key": "e",
    "text": "",
    "type": "code-block",
  },
  {
    "characterList": [
      {
        "entity": null,
        "style": [
          "ITALIC",
        ],
      },
      {
        "entity": null,
        "style": [
          "ITALIC",
        ],
      },
      {
        "entity": null,
        "style": [
          "ITALIC",
        ],
      },
      {
        "entity": null,
        "style": [
          "ITALIC",
        ],
      },
      {
        "entity": null,
        "style": [
          "ITALIC",
        ],
      },
      {
        "entity": null,
        "style": [
          "ITALIC",
        ],
      },
      {
        "entity": null,
        "style": [
          "ITALIC",
        ],
      },
    ],
    "data": {},
    "depth": 0,
    "key": "f",
    "text": "Charlie",
    "type": "blockquote",
  },
]
`;

exports[`mustn't move atomic next to itself with collapsed selection 1`] = `
[
  {
    "characterList": [
      {
        "entity": null,
        "style": [],
      },
      {
        "entity": null,
        "style": [],
      },
      {
        "entity": null,
        "style": [],
      },
      {
        "entity": null,
        "style": [],
      },
      {
        "entity": null,
        "style": [],
      },
    ],
    "data": {},
    "depth": 0,
    "key": "a",
    "text": "Alpha",
    "type": "unstyled",
  },
  {
    "characterList": [
      {
        "entity": "1",
        "style": [],
      },
    ],
    "data": {},
    "depth": 0,
    "key": "key0",
    "text": " ",
    "type": "atomic",
  },
  {
    "characterList": [],
    "data": {},
    "depth": 0,
    "key": "key4",
    "text": "",
    "type": "unstyled",
  },
  {
    "characterList": [
      {
        "entity": "2",
        "style": [
          "BOLD",
        ],
      },
      {
        "entity": "2",
        "style": [
          "BOLD",
        ],
      },
      {
        "entity": "2",
        "style": [
          "BOLD",
        ],
      },
      {
        "entity": "2",
        "style": [
          "BOLD",
        ],
      },
      {
        "entity": "2",
        "style": [
          "BOLD",
        ],
      },
    ],
    "data": {},
    "depth": 0,
    "key": "b",
    "text": "Bravo",
    "type": "unordered-list-item",
  },
  {
    "characterList": [
      {
        "entity": null,
        "style": [],
      },
      {
        "entity": null,
        "style": [],
      },
      {
        "entity": null,
        "style": [],
      },
      {
        "entity": null,
        "style": [],
      },
    ],
    "data": {},
    "depth": 0,
    "key": "c",
    "text": "Test",
    "type": "code-block",
  },
  {
    "characterList": [],
    "data": {},
    "depth": 0,
    "key": "d",
    "text": "",
    "type": "code-block",
  },
  {
    "characterList": [],
    "data": {},
    "depth": 0,
    "key": "e",
    "text": "",
    "type": "code-block",
  },
  {
    "characterList": [
      {
        "entity": null,
        "style": [
          "ITALIC",
        ],
      },
      {
        "entity": null,
        "style": [
          "ITALIC",
        ],
      },
      {
        "entity": null,
        "style": [
          "ITALIC",
        ],
      },
      {
        "entity": null,
        "style": [
          "ITALIC",
        ],
      },
      {
        "entity": null,
        "style": [
          "ITALIC",
        ],
      },
      {
        "entity": null,
        "style": [
          "ITALIC",
        ],
      },
      {
        "entity": null,
        "style": [
          "ITALIC",
        ],
      },
    ],
    "data": {},
    "depth": 0,
    "key": "f",
    "text": "Charlie",
    "type": "blockquote",
  },
]
`;
