// Jest Snapshot v1, https://goo.gl/fbAQLP

exports[`must apply entity key 1`] = `
Map {
  "a" => Object {
    "characterList": Array [
      Object {
        "entity": "x",
        "style": Set {},
      },
      Object {
        "entity": "x",
        "style": Set {},
      },
      Object {
        "entity": "x",
        "style": Set {},
      },
      Object {
        "entity": "x",
        "style": Set {},
      },
      Object {
        "entity": "x",
        "style": Set {},
      },
    ],
    "data": Map {},
    "depth": 0,
    "key": "a",
    "text": "Alpha",
    "type": "unstyled",
  },
  "b" => Object {
    "characterList": Array [
      Object {
        "entity": "2",
        "style": Set {
          "BOLD",
        },
      },
      Object {
        "entity": "2",
        "style": Set {
          "BOLD",
        },
      },
      Object {
        "entity": "2",
        "style": Set {
          "BOLD",
        },
      },
      Object {
        "entity": "2",
        "style": Set {
          "BOLD",
        },
      },
      Object {
        "entity": "2",
        "style": Set {
          "BOLD",
        },
      },
    ],
    "data": Map {},
    "depth": 0,
    "key": "b",
    "text": "Bravo",
    "type": "unordered-list-item",
  },
  "c" => Object {
    "characterList": Array [
      Object {
        "entity": null,
        "style": Set {},
      },
      Object {
        "entity": null,
        "style": Set {},
      },
      Object {
        "entity": null,
        "style": Set {},
      },
      Object {
        "entity": null,
        "style": Set {},
      },
    ],
    "data": Map {},
    "depth": 0,
    "key": "c",
    "text": "Test",
    "type": "code-block",
  },
  "d" => Object {
    "characterList": Array [],
    "data": Map {},
    "depth": 0,
    "key": "d",
    "text": "",
    "type": "code-block",
  },
  "e" => Object {
    "characterList": Array [],
    "data": Map {},
    "depth": 0,
    "key": "e",
    "text": "",
    "type": "code-block",
  },
  "f" => Object {
    "characterList": Array [
      Object {
        "entity": null,
        "style": Set {
          "ITALIC",
        },
      },
      Object {
        "entity": null,
        "style": Set {
          "ITALIC",
        },
      },
      Object {
        "entity": null,
        "style": Set {
          "ITALIC",
        },
      },
      Object {
        "entity": null,
        "style": Set {
          "ITALIC",
        },
      },
      Object {
        "entity": null,
        "style": Set {
          "ITALIC",
        },
      },
      Object {
        "entity": null,
        "style": Set {
          "ITALIC",
        },
      },
      Object {
        "entity": null,
        "style": Set {
          "ITALIC",
        },
      },
    ],
    "data": Map {},
    "depth": 0,
    "key": "f",
    "text": "Charlie",
    "type": "blockquote",
  },
}
`;

exports[`must apply entity key accross multiple blocks 1`] = `
Map {
  "a" => Object {
    "characterList": Array [
      Object {
        "entity": "x",
        "style": Set {},
      },
      Object {
        "entity": "x",
        "style": Set {},
      },
      Object {
        "entity": "x",
        "style": Set {},
      },
      Object {
        "entity": "x",
        "style": Set {},
      },
      Object {
        "entity": "x",
        "style": Set {},
      },
    ],
    "data": Map {},
    "depth": 0,
    "key": "a",
    "text": "Alpha",
    "type": "unstyled",
  },
  "b" => Object {
    "characterList": Array [
      Object {
        "entity": "x",
        "style": Set {
          "BOLD",
        },
      },
      Object {
        "entity": "x",
        "style": Set {
          "BOLD",
        },
      },
      Object {
        "entity": "x",
        "style": Set {
          "BOLD",
        },
      },
      Object {
        "entity": "x",
        "style": Set {
          "BOLD",
        },
      },
      Object {
        "entity": "x",
        "style": Set {
          "BOLD",
        },
      },
    ],
    "data": Map {},
    "depth": 0,
    "key": "b",
    "text": "Bravo",
    "type": "unordered-list-item",
  },
  "c" => Object {
    "characterList": Array [
      Object {
        "entity": null,
        "style": Set {},
      },
      Object {
        "entity": null,
        "style": Set {},
      },
      Object {
        "entity": null,
        "style": Set {},
      },
      Object {
        "entity": null,
        "style": Set {},
      },
    ],
    "data": Map {},
    "depth": 0,
    "key": "c",
    "text": "Test",
    "type": "code-block",
  },
  "d" => Object {
    "characterList": Array [],
    "data": Map {},
    "depth": 0,
    "key": "d",
    "text": "",
    "type": "code-block",
  },
  "e" => Object {
    "characterList": Array [],
    "data": Map {},
    "depth": 0,
    "key": "e",
    "text": "",
    "type": "code-block",
  },
  "f" => Object {
    "characterList": Array [
      Object {
        "entity": null,
        "style": Set {
          "ITALIC",
        },
      },
      Object {
        "entity": null,
        "style": Set {
          "ITALIC",
        },
      },
      Object {
        "entity": null,
        "style": Set {
          "ITALIC",
        },
      },
      Object {
        "entity": null,
        "style": Set {
          "ITALIC",
        },
      },
      Object {
        "entity": null,
        "style": Set {
          "ITALIC",
        },
      },
      Object {
        "entity": null,
        "style": Set {
          "ITALIC",
        },
      },
      Object {
        "entity": null,
        "style": Set {
          "ITALIC",
        },
      },
    ],
    "data": Map {},
    "depth": 0,
    "key": "f",
    "text": "Charlie",
    "type": "blockquote",
  },
}
`;

exports[`must apply null entity 1`] = `
Map {
  "a" => Object {
    "characterList": Array [
      Object {
        "entity": null,
        "style": Set {},
      },
      Object {
        "entity": null,
        "style": Set {},
      },
      Object {
        "entity": null,
        "style": Set {},
      },
      Object {
        "entity": null,
        "style": Set {},
      },
      Object {
        "entity": null,
        "style": Set {},
      },
    ],
    "data": Map {},
    "depth": 0,
    "key": "a",
    "text": "Alpha",
    "type": "unstyled",
  },
  "b" => Object {
    "characterList": Array [
      Object {
        "entity": "2",
        "style": Set {
          "BOLD",
        },
      },
      Object {
        "entity": "2",
        "style": Set {
          "BOLD",
        },
      },
      Object {
        "entity": "2",
        "style": Set {
          "BOLD",
        },
      },
      Object {
        "entity": "2",
        "style": Set {
          "BOLD",
        },
      },
      Object {
        "entity": "2",
        "style": Set {
          "BOLD",
        },
      },
    ],
    "data": Map {},
    "depth": 0,
    "key": "b",
    "text": "Bravo",
    "type": "unordered-list-item",
  },
  "c" => Object {
    "characterList": Array [
      Object {
        "entity": null,
        "style": Set {},
      },
      Object {
        "entity": null,
        "style": Set {},
      },
      Object {
        "entity": null,
        "style": Set {},
      },
      Object {
        "entity": null,
        "style": Set {},
      },
    ],
    "data": Map {},
    "depth": 0,
    "key": "c",
    "text": "Test",
    "type": "code-block",
  },
  "d" => Object {
    "characterList": Array [],
    "data": Map {},
    "depth": 0,
    "key": "d",
    "text": "",
    "type": "code-block",
  },
  "e" => Object {
    "characterList": Array [],
    "data": Map {},
    "depth": 0,
    "key": "e",
    "text": "",
    "type": "code-block",
  },
  "f" => Object {
    "characterList": Array [
      Object {
        "entity": null,
        "style": Set {
          "ITALIC",
        },
      },
      Object {
        "entity": null,
        "style": Set {
          "ITALIC",
        },
      },
      Object {
        "entity": null,
        "style": Set {
          "ITALIC",
        },
      },
      Object {
        "entity": null,
        "style": Set {
          "ITALIC",
        },
      },
      Object {
        "entity": null,
        "style": Set {
          "ITALIC",
        },
      },
      Object {
        "entity": null,
        "style": Set {
          "ITALIC",
        },
      },
      Object {
        "entity": null,
        "style": Set {
          "ITALIC",
        },
      },
    ],
    "data": Map {},
    "depth": 0,
    "key": "f",
    "text": "Charlie",
    "type": "blockquote",
  },
}
`;

exports[`must apply null entity key accross multiple blocks 1`] = `
Map {
  "a" => Object {
    "characterList": Array [
      Object {
        "entity": null,
        "style": Set {},
      },
      Object {
        "entity": null,
        "style": Set {},
      },
      Object {
        "entity": null,
        "style": Set {},
      },
      Object {
        "entity": null,
        "style": Set {},
      },
      Object {
        "entity": null,
        "style": Set {},
      },
    ],
    "data": Map {},
    "depth": 0,
    "key": "a",
    "text": "Alpha",
    "type": "unstyled",
  },
  "b" => Object {
    "characterList": Array [
      Object {
        "entity": null,
        "style": Set {
          "BOLD",
        },
      },
      Object {
        "entity": null,
        "style": Set {
          "BOLD",
        },
      },
      Object {
        "entity": null,
        "style": Set {
          "BOLD",
        },
      },
      Object {
        "entity": null,
        "style": Set {
          "BOLD",
        },
      },
      Object {
        "entity": null,
        "style": Set {
          "BOLD",
        },
      },
    ],
    "data": Map {},
    "depth": 0,
    "key": "b",
    "text": "Bravo",
    "type": "unordered-list-item",
  },
  "c" => Object {
    "characterList": Array [
      Object {
        "entity": null,
        "style": Set {},
      },
      Object {
        "entity": null,
        "style": Set {},
      },
      Object {
        "entity": null,
        "style": Set {},
      },
      Object {
        "entity": null,
        "style": Set {},
      },
    ],
    "data": Map {},
    "depth": 0,
    "key": "c",
    "text": "Test",
    "type": "code-block",
  },
  "d" => Object {
    "characterList": Array [],
    "data": Map {},
    "depth": 0,
    "key": "d",
    "text": "",
    "type": "code-block",
  },
  "e" => Object {
    "characterList": Array [],
    "data": Map {},
    "depth": 0,
    "key": "e",
    "text": "",
    "type": "code-block",
  },
  "f" => Object {
    "characterList": Array [
      Object {
        "entity": null,
        "style": Set {
          "ITALIC",
        },
      },
      Object {
        "entity": null,
        "style": Set {
          "ITALIC",
        },
      },
      Object {
        "entity": null,
        "style": Set {
          "ITALIC",
        },
      },
      Object {
        "entity": null,
        "style": Set {
          "ITALIC",
        },
      },
      Object {
        "entity": null,
        "style": Set {
          "ITALIC",
        },
      },
      Object {
        "entity": null,
        "style": Set {
          "ITALIC",
        },
      },
      Object {
        "entity": null,
        "style": Set {
          "ITALIC",
        },
      },
    ],
    "data": Map {},
    "depth": 0,
    "key": "f",
    "text": "Charlie",
    "type": "blockquote",
  },
}
`;
