// Jest Snapshot v1, https://goo.gl/fbAQLP

exports[`must apply fragment at the end 1`] = `
Array [
  Object {
    "characterList": Array [
      Object {
        "entity": null,
        "style": Array [],
      },
      Object {
        "entity": null,
        "style": Array [],
      },
      Object {
        "entity": null,
        "style": Array [],
      },
      Object {
        "entity": null,
        "style": Array [],
      },
      Object {
        "entity": null,
        "style": Array [],
      },
      Object {
        "entity": null,
        "style": Array [],
      },
      Object {
        "entity": null,
        "style": Array [],
      },
    ],
    "data": Map {
      "a" => 1,
    },
    "depth": 0,
    "key": "a",
    "text": "Alphaxx",
    "type": "unstyled",
  },
  Object {
    "characterList": Array [
      Object {
        "entity": "2",
        "style": Array [
          "BOLD",
        ],
      },
      Object {
        "entity": "2",
        "style": Array [
          "BOLD",
        ],
      },
      Object {
        "entity": "2",
        "style": Array [
          "BOLD",
        ],
      },
      Object {
        "entity": "2",
        "style": Array [
          "BOLD",
        ],
      },
      Object {
        "entity": "2",
        "style": Array [
          "BOLD",
        ],
      },
    ],
    "data": Object {},
    "depth": 0,
    "key": "b",
    "text": "Bravo",
    "type": "unordered-list-item",
  },
  Object {
    "characterList": Array [
      Object {
        "entity": null,
        "style": Array [],
      },
      Object {
        "entity": null,
        "style": Array [],
      },
      Object {
        "entity": null,
        "style": Array [],
      },
      Object {
        "entity": null,
        "style": Array [],
      },
    ],
    "data": Object {},
    "depth": 0,
    "key": "c",
    "text": "Test",
    "type": "code-block",
  },
  Object {
    "characterList": Array [],
    "data": Object {},
    "depth": 0,
    "key": "d",
    "text": "",
    "type": "code-block",
  },
  Object {
    "characterList": Array [],
    "data": Object {},
    "depth": 0,
    "key": "e",
    "text": "",
    "type": "code-block",
  },
  Object {
    "characterList": Array [
      Object {
        "entity": null,
        "style": Array [
          "ITALIC",
        ],
      },
      Object {
        "entity": null,
        "style": Array [
          "ITALIC",
        ],
      },
      Object {
        "entity": null,
        "style": Array [
          "ITALIC",
        ],
      },
      Object {
        "entity": null,
        "style": Array [
          "ITALIC",
        ],
      },
      Object {
        "entity": null,
        "style": Array [
          "ITALIC",
        ],
      },
      Object {
        "entity": null,
        "style": Array [
          "ITALIC",
        ],
      },
      Object {
        "entity": null,
        "style": Array [
          "ITALIC",
        ],
      },
    ],
    "data": Object {},
    "depth": 0,
    "key": "f",
    "text": "Charlie",
    "type": "blockquote",
  },
]
`;

exports[`must apply fragment to the start 1`] = `
Array [
  Object {
    "characterList": Array [
      Object {
        "entity": null,
        "style": Array [],
      },
      Object {
        "entity": null,
        "style": Array [],
      },
      Object {
        "entity": null,
        "style": Array [],
      },
      Object {
        "entity": null,
        "style": Array [],
      },
      Object {
        "entity": null,
        "style": Array [],
      },
      Object {
        "entity": null,
        "style": Array [],
      },
      Object {
        "entity": null,
        "style": Array [],
      },
    ],
    "data": Map {
      "a" => 1,
    },
    "depth": 0,
    "key": "a",
    "text": "xxAlpha",
    "type": "unstyled",
  },
  Object {
    "characterList": Array [
      Object {
        "entity": "2",
        "style": Array [
          "BOLD",
        ],
      },
      Object {
        "entity": "2",
        "style": Array [
          "BOLD",
        ],
      },
      Object {
        "entity": "2",
        "style": Array [
          "BOLD",
        ],
      },
      Object {
        "entity": "2",
        "style": Array [
          "BOLD",
        ],
      },
      Object {
        "entity": "2",
        "style": Array [
          "BOLD",
        ],
      },
    ],
    "data": Object {},
    "depth": 0,
    "key": "b",
    "text": "Bravo",
    "type": "unordered-list-item",
  },
  Object {
    "characterList": Array [
      Object {
        "entity": null,
        "style": Array [],
      },
      Object {
        "entity": null,
        "style": Array [],
      },
      Object {
        "entity": null,
        "style": Array [],
      },
      Object {
        "entity": null,
        "style": Array [],
      },
    ],
    "data": Object {},
    "depth": 0,
    "key": "c",
    "text": "Test",
    "type": "code-block",
  },
  Object {
    "characterList": Array [],
    "data": Object {},
    "depth": 0,
    "key": "d",
    "text": "",
    "type": "code-block",
  },
  Object {
    "characterList": Array [],
    "data": Object {},
    "depth": 0,
    "key": "e",
    "text": "",
    "type": "code-block",
  },
  Object {
    "characterList": Array [
      Object {
        "entity": null,
        "style": Array [
          "ITALIC",
        ],
      },
      Object {
        "entity": null,
        "style": Array [
          "ITALIC",
        ],
      },
      Object {
        "entity": null,
        "style": Array [
          "ITALIC",
        ],
      },
      Object {
        "entity": null,
        "style": Array [
          "ITALIC",
        ],
      },
      Object {
        "entity": null,
        "style": Array [
          "ITALIC",
        ],
      },
      Object {
        "entity": null,
        "style": Array [
          "ITALIC",
        ],
      },
      Object {
        "entity": null,
        "style": Array [
          "ITALIC",
        ],
      },
    ],
    "data": Object {},
    "depth": 0,
    "key": "f",
    "text": "Charlie",
    "type": "blockquote",
  },
]
`;

exports[`must apply fragment to within block 1`] = `
Array [
  Object {
    "characterList": Array [
      Object {
        "entity": null,
        "style": Array [],
      },
      Object {
        "entity": null,
        "style": Array [],
      },
      Object {
        "entity": null,
        "style": Array [],
      },
      Object {
        "entity": null,
        "style": Array [],
      },
      Object {
        "entity": null,
        "style": Array [],
      },
      Object {
        "entity": null,
        "style": Array [],
      },
      Object {
        "entity": null,
        "style": Array [],
      },
    ],
    "data": Map {
      "a" => 1,
    },
    "depth": 0,
    "key": "a",
    "text": "Alxxpha",
    "type": "unstyled",
  },
  Object {
    "characterList": Array [
      Object {
        "entity": "2",
        "style": Array [
          "BOLD",
        ],
      },
      Object {
        "entity": "2",
        "style": Array [
          "BOLD",
        ],
      },
      Object {
        "entity": "2",
        "style": Array [
          "BOLD",
        ],
      },
      Object {
        "entity": "2",
        "style": Array [
          "BOLD",
        ],
      },
      Object {
        "entity": "2",
        "style": Array [
          "BOLD",
        ],
      },
    ],
    "data": Object {},
    "depth": 0,
    "key": "b",
    "text": "Bravo",
    "type": "unordered-list-item",
  },
  Object {
    "characterList": Array [
      Object {
        "entity": null,
        "style": Array [],
      },
      Object {
        "entity": null,
        "style": Array [],
      },
      Object {
        "entity": null,
        "style": Array [],
      },
      Object {
        "entity": null,
        "style": Array [],
      },
    ],
    "data": Object {},
    "depth": 0,
    "key": "c",
    "text": "Test",
    "type": "code-block",
  },
  Object {
    "characterList": Array [],
    "data": Object {},
    "depth": 0,
    "key": "d",
    "text": "",
    "type": "code-block",
  },
  Object {
    "characterList": Array [],
    "data": Object {},
    "depth": 0,
    "key": "e",
    "text": "",
    "type": "code-block",
  },
  Object {
    "characterList": Array [
      Object {
        "entity": null,
        "style": Array [
          "ITALIC",
        ],
      },
      Object {
        "entity": null,
        "style": Array [
          "ITALIC",
        ],
      },
      Object {
        "entity": null,
        "style": Array [
          "ITALIC",
        ],
      },
      Object {
        "entity": null,
        "style": Array [
          "ITALIC",
        ],
      },
      Object {
        "entity": null,
        "style": Array [
          "ITALIC",
        ],
      },
      Object {
        "entity": null,
        "style": Array [
          "ITALIC",
        ],
      },
      Object {
        "entity": null,
        "style": Array [
          "ITALIC",
        ],
      },
    ],
    "data": Object {},
    "depth": 0,
    "key": "f",
    "text": "Charlie",
    "type": "blockquote",
  },
]
`;

exports[`must apply multiblock fragments 1`] = `
Array [
  Object {
    "characterList": Array [
      Object {
        "entity": null,
        "style": Array [],
      },
      Object {
        "entity": null,
        "style": Array [],
      },
    ],
    "data": Map {
      "a" => 1,
    },
    "depth": 0,
    "key": "a",
    "text": "xx",
    "type": "unstyled",
  },
  Object {
    "characterList": Array [
      Object {
        "entity": null,
        "style": Array [],
      },
      Object {
        "entity": null,
        "style": Array [],
      },
      Object {
        "entity": null,
        "style": Array [],
      },
      Object {
        "entity": null,
        "style": Array [],
      },
      Object {
        "entity": null,
        "style": Array [],
      },
      Object {
        "entity": null,
        "style": Array [],
      },
      Object {
        "entity": null,
        "style": Array [],
      },
    ],
    "data": Map {
      "b" => 2,
    },
    "depth": 0,
    "key": "key1",
    "text": "yyAlpha",
    "type": "unstyled",
  },
  Object {
    "characterList": Array [
      Object {
        "entity": "2",
        "style": Array [
          "BOLD",
        ],
      },
      Object {
        "entity": "2",
        "style": Array [
          "BOLD",
        ],
      },
      Object {
        "entity": "2",
        "style": Array [
          "BOLD",
        ],
      },
      Object {
        "entity": "2",
        "style": Array [
          "BOLD",
        ],
      },
      Object {
        "entity": "2",
        "style": Array [
          "BOLD",
        ],
      },
    ],
    "data": Object {},
    "depth": 0,
    "key": "b",
    "text": "Bravo",
    "type": "unordered-list-item",
  },
  Object {
    "characterList": Array [
      Object {
        "entity": null,
        "style": Array [],
      },
      Object {
        "entity": null,
        "style": Array [],
      },
      Object {
        "entity": null,
        "style": Array [],
      },
      Object {
        "entity": null,
        "style": Array [],
      },
    ],
    "data": Object {},
    "depth": 0,
    "key": "c",
    "text": "Test",
    "type": "code-block",
  },
  Object {
    "characterList": Array [],
    "data": Object {},
    "depth": 0,
    "key": "d",
    "text": "",
    "type": "code-block",
  },
  Object {
    "characterList": Array [],
    "data": Object {},
    "depth": 0,
    "key": "e",
    "text": "",
    "type": "code-block",
  },
  Object {
    "characterList": Array [
      Object {
        "entity": null,
        "style": Array [
          "ITALIC",
        ],
      },
      Object {
        "entity": null,
        "style": Array [
          "ITALIC",
        ],
      },
      Object {
        "entity": null,
        "style": Array [
          "ITALIC",
        ],
      },
      Object {
        "entity": null,
        "style": Array [
          "ITALIC",
        ],
      },
      Object {
        "entity": null,
        "style": Array [
          "ITALIC",
        ],
      },
      Object {
        "entity": null,
        "style": Array [
          "ITALIC",
        ],
      },
      Object {
        "entity": null,
        "style": Array [
          "ITALIC",
        ],
      },
    ],
    "data": Object {},
    "depth": 0,
    "key": "f",
    "text": "Charlie",
    "type": "blockquote",
  },
]
`;
