// Jest Snapshot v1, https://goo.gl/fbAQLP

exports[`must insert at the end 1`] = `
{
  "a": {
    "characterList": [
      {
        "entity": null,
        "style": [],
      },
      {
        "entity": null,
        "style": [],
      },
      {
        "entity": null,
        "style": [],
      },
      {
        "entity": null,
        "style": [],
      },
      {
        "entity": null,
        "style": [],
      },
      {
        "entity": null,
        "style": [
          "BOLD",
        ],
      },
      {
        "entity": null,
        "style": [
          "BOLD",
        ],
      },
    ],
    "data": {},
    "depth": 0,
    "key": "a",
    "text": "Alphaxx",
    "type": "unstyled",
  },
  "b": {
    "characterList": [
      {
        "entity": "2",
        "style": [
          "BOLD",
        ],
      },
      {
        "entity": "2",
        "style": [
          "BOLD",
        ],
      },
      {
        "entity": "2",
        "style": [
          "BOLD",
        ],
      },
      {
        "entity": "2",
        "style": [
          "BOLD",
        ],
      },
      {
        "entity": "2",
        "style": [
          "BOLD",
        ],
      },
    ],
    "data": {},
    "depth": 0,
    "key": "b",
    "text": "Bravo",
    "type": "unordered-list-item",
  },
  "c": {
    "characterList": [
      {
        "entity": null,
        "style": [],
      },
      {
        "entity": null,
        "style": [],
      },
      {
        "entity": null,
        "style": [],
      },
      {
        "entity": null,
        "style": [],
      },
    ],
    "data": {},
    "depth": 0,
    "key": "c",
    "text": "Test",
    "type": "code-block",
  },
  "d": {
    "characterList": [],
    "data": {},
    "depth": 0,
    "key": "d",
    "text": "",
    "type": "code-block",
  },
  "e": {
    "characterList": [],
    "data": {},
    "depth": 0,
    "key": "e",
    "text": "",
    "type": "code-block",
  },
  "f": {
    "characterList": [
      {
        "entity": null,
        "style": [
          "ITALIC",
        ],
      },
      {
        "entity": null,
        "style": [
          "ITALIC",
        ],
      },
      {
        "entity": null,
        "style": [
          "ITALIC",
        ],
      },
      {
        "entity": null,
        "style": [
          "ITALIC",
        ],
      },
      {
        "entity": null,
        "style": [
          "ITALIC",
        ],
      },
      {
        "entity": null,
        "style": [
          "ITALIC",
        ],
      },
      {
        "entity": null,
        "style": [
          "ITALIC",
        ],
      },
    ],
    "data": {},
    "depth": 0,
    "key": "f",
    "text": "Charlie",
    "type": "blockquote",
  },
}
`;

exports[`must insert at the start 1`] = `
{
  "a": {
    "characterList": [
      {
        "entity": null,
        "style": [
          "BOLD",
        ],
      },
      {
        "entity": null,
        "style": [
          "BOLD",
        ],
      },
      {
        "entity": null,
        "style": [],
      },
      {
        "entity": null,
        "style": [],
      },
      {
        "entity": null,
        "style": [],
      },
      {
        "entity": null,
        "style": [],
      },
      {
        "entity": null,
        "style": [],
      },
    ],
    "data": {},
    "depth": 0,
    "key": "a",
    "text": "xxAlpha",
    "type": "unstyled",
  },
  "b": {
    "characterList": [
      {
        "entity": "2",
        "style": [
          "BOLD",
        ],
      },
      {
        "entity": "2",
        "style": [
          "BOLD",
        ],
      },
      {
        "entity": "2",
        "style": [
          "BOLD",
        ],
      },
      {
        "entity": "2",
        "style": [
          "BOLD",
        ],
      },
      {
        "entity": "2",
        "style": [
          "BOLD",
        ],
      },
    ],
    "data": {},
    "depth": 0,
    "key": "b",
    "text": "Bravo",
    "type": "unordered-list-item",
  },
  "c": {
    "characterList": [
      {
        "entity": null,
        "style": [],
      },
      {
        "entity": null,
        "style": [],
      },
      {
        "entity": null,
        "style": [],
      },
      {
        "entity": null,
        "style": [],
      },
    ],
    "data": {},
    "depth": 0,
    "key": "c",
    "text": "Test",
    "type": "code-block",
  },
  "d": {
    "characterList": [],
    "data": {},
    "depth": 0,
    "key": "d",
    "text": "",
    "type": "code-block",
  },
  "e": {
    "characterList": [],
    "data": {},
    "depth": 0,
    "key": "e",
    "text": "",
    "type": "code-block",
  },
  "f": {
    "characterList": [
      {
        "entity": null,
        "style": [
          "ITALIC",
        ],
      },
      {
        "entity": null,
        "style": [
          "ITALIC",
        ],
      },
      {
        "entity": null,
        "style": [
          "ITALIC",
        ],
      },
      {
        "entity": null,
        "style": [
          "ITALIC",
        ],
      },
      {
        "entity": null,
        "style": [
          "ITALIC",
        ],
      },
      {
        "entity": null,
        "style": [
          "ITALIC",
        ],
      },
      {
        "entity": null,
        "style": [
          "ITALIC",
        ],
      },
    ],
    "data": {},
    "depth": 0,
    "key": "f",
    "text": "Charlie",
    "type": "blockquote",
  },
}
`;

exports[`must insert within block 1`] = `
{
  "a": {
    "characterList": [
      {
        "entity": null,
        "style": [],
      },
      {
        "entity": null,
        "style": [],
      },
      {
        "entity": null,
        "style": [
          "BOLD",
        ],
      },
      {
        "entity": null,
        "style": [
          "BOLD",
        ],
      },
      {
        "entity": null,
        "style": [],
      },
      {
        "entity": null,
        "style": [],
      },
      {
        "entity": null,
        "style": [],
      },
    ],
    "data": {},
    "depth": 0,
    "key": "a",
    "text": "Alxxpha",
    "type": "unstyled",
  },
  "b": {
    "characterList": [
      {
        "entity": "2",
        "style": [
          "BOLD",
        ],
      },
      {
        "entity": "2",
        "style": [
          "BOLD",
        ],
      },
      {
        "entity": "2",
        "style": [
          "BOLD",
        ],
      },
      {
        "entity": "2",
        "style": [
          "BOLD",
        ],
      },
      {
        "entity": "2",
        "style": [
          "BOLD",
        ],
      },
    ],
    "data": {},
    "depth": 0,
    "key": "b",
    "text": "Bravo",
    "type": "unordered-list-item",
  },
  "c": {
    "characterList": [
      {
        "entity": null,
        "style": [],
      },
      {
        "entity": null,
        "style": [],
      },
      {
        "entity": null,
        "style": [],
      },
      {
        "entity": null,
        "style": [],
      },
    ],
    "data": {},
    "depth": 0,
    "key": "c",
    "text": "Test",
    "type": "code-block",
  },
  "d": {
    "characterList": [],
    "data": {},
    "depth": 0,
    "key": "d",
    "text": "",
    "type": "code-block",
  },
  "e": {
    "characterList": [],
    "data": {},
    "depth": 0,
    "key": "e",
    "text": "",
    "type": "code-block",
  },
  "f": {
    "characterList": [
      {
        "entity": null,
        "style": [
          "ITALIC",
        ],
      },
      {
        "entity": null,
        "style": [
          "ITALIC",
        ],
      },
      {
        "entity": null,
        "style": [
          "ITALIC",
        ],
      },
      {
        "entity": null,
        "style": [
          "ITALIC",
        ],
      },
      {
        "entity": null,
        "style": [
          "ITALIC",
        ],
      },
      {
        "entity": null,
        "style": [
          "ITALIC",
        ],
      },
      {
        "entity": null,
        "style": [
          "ITALIC",
        ],
      },
    ],
    "data": {},
    "depth": 0,
    "key": "f",
    "text": "Charlie",
    "type": "blockquote",
  },
}
`;

exports[`must return early if no text is provided 1`] = `
{
  "a": {
    "characterList": [
      {
        "entity": null,
        "style": [],
      },
      {
        "entity": null,
        "style": [],
      },
      {
        "entity": null,
        "style": [],
      },
      {
        "entity": null,
        "style": [],
      },
      {
        "entity": null,
        "style": [],
      },
    ],
    "data": {},
    "depth": 0,
    "key": "a",
    "text": "Alpha",
    "type": "unstyled",
  },
  "b": {
    "characterList": [
      {
        "entity": "2",
        "style": [
          "BOLD",
        ],
      },
      {
        "entity": "2",
        "style": [
          "BOLD",
        ],
      },
      {
        "entity": "2",
        "style": [
          "BOLD",
        ],
      },
      {
        "entity": "2",
        "style": [
          "BOLD",
        ],
      },
      {
        "entity": "2",
        "style": [
          "BOLD",
        ],
      },
    ],
    "data": {},
    "depth": 0,
    "key": "b",
    "text": "Bravo",
    "type": "unordered-list-item",
  },
  "c": {
    "characterList": [
      {
        "entity": null,
        "style": [],
      },
      {
        "entity": null,
        "style": [],
      },
      {
        "entity": null,
        "style": [],
      },
      {
        "entity": null,
        "style": [],
      },
    ],
    "data": {},
    "depth": 0,
    "key": "c",
    "text": "Test",
    "type": "code-block",
  },
  "d": {
    "characterList": [],
    "data": {},
    "depth": 0,
    "key": "d",
    "text": "",
    "type": "code-block",
  },
  "e": {
    "characterList": [],
    "data": {},
    "depth": 0,
    "key": "e",
    "text": "",
    "type": "code-block",
  },
  "f": {
    "characterList": [
      {
        "entity": null,
        "style": [
          "ITALIC",
        ],
      },
      {
        "entity": null,
        "style": [
          "ITALIC",
        ],
      },
      {
        "entity": null,
        "style": [
          "ITALIC",
        ],
      },
      {
        "entity": null,
        "style": [
          "ITALIC",
        ],
      },
      {
        "entity": null,
        "style": [
          "ITALIC",
        ],
      },
      {
        "entity": null,
        "style": [
          "ITALIC",
        ],
      },
      {
        "entity": null,
        "style": [
          "ITALIC",
        ],
      },
    ],
    "data": {},
    "depth": 0,
    "key": "f",
    "text": "Charlie",
    "type": "blockquote",
  },
}
`;
