// Jest Snapshot v1, https://goo.gl/fbAQLP

exports[`must be able to move block after other block 1`] = `
[
  {
    "key": "B",
  },
  {
    "key": "C",
  },
  {
    "key": "A",
  },
]
`;

exports[`must be able to move block before other block 1`] = `
[
  {
    "key": "C",
  },
  {
    "key": "A",
  },
  {
    "key": "B",
  },
]
`;
