// Jest Snapshot v1, https://goo.gl/fbAQLP

exports[`must not re-render if parent does not re-render 1`] = `1`;

exports[`must not re-render if parent does not re-render 2`] = `false`;

exports[`must not re-render if parent does not re-render 3`] = `2`;

exports[`must not re-render if props do not change 1`] = `1`;

exports[`must not re-render if props do not change 2`] = `true`;

exports[`must not re-render if props do not change 3`] = `2`;

exports[`must re-render if block style changes 1`] = `1`;

exports[`must re-render if block style changes 2`] = `1`;

exports[`must re-render if direction changes 1`] = `1`;

exports[`must re-render if direction changes 2`] = `true`;

exports[`must re-render if direction changes 3`] = `2`;

exports[`must re-render if forceSelection changes 1`] = `1`;

exports[`must re-render if forceSelection changes 2`] = `1`;

exports[`must re-render if selection state changes from non-selection to selection 1`] = `1`;

exports[`must re-render if selection state changes from non-selection to selection 2`] = `1`;

exports[`scroll-to-top for block with smaller top than visibletop 1`] = `0`;

exports[`should not scroll if block is entirely visible 1`] = `0`;
